Component: ARM Compiler 5.06 (build 20) Tool: armlink [4d35a3]

==============================================================================

Section Cross References

    board.o(.text) refers to stm32f4xx_hal_rcc.o(.text) for HAL_RCC_OscConfig
    board.o(.text) refers to stm32f4xx_hal_cortex.o(.text) for HAL_SYSTICK_Config
    board.o(.text) refers to irq.o(.text) for rt_interrupt_enter
    board.o(.text) refers to stm32f4xx_hal.o(.text) for HAL_IncTick
    board.o(.text) refers to clock.o(.text) for rt_tick_increase
    board.o(.text) refers to thread.o(.text) for rt_thread_delay
    board.o(.text) refers to drv_usart.o(.text) for hw_usart_init
    board.o(.text) refers to mem.o(.text) for rt_system_heap_init
    board.o(.text) refers to components.o(.text) for rt_components_board_init
    board.o(.text) refers to kservice.o(.text) for rt_console_set_device
    drv_usart.o(.text) refers to kservice.o(.text) for rt_assert_handler
    drv_usart.o(.text) refers to stm32f4xx_hal_uart.o(.text) for HAL_UART_Init
    drv_usart.o(.text) refers to irq.o(.text) for rt_interrupt_enter
    drv_usart.o(.text) refers to serial.o(.text) for rt_hw_serial_isr
    drv_usart.o(.text) refers to stm32f4xx_hal_gpio.o(.text) for HAL_GPIO_Init
    drv_usart.o(.text) refers to stm32f4xx_hal_cortex.o(.text) for HAL_NVIC_SetPriority
    drv_usart.o(.text) refers to drv_usart.o(.constdata) for __FUNCTION__
    drv_usart.o(.text) refers to drv_usart.o(.bss) for uart1
    drv_usart.o(.constdata) refers to drv_usart.o(.text) for drv_configure
    drv_usart.o(.rti_fn.1) refers to drv_usart.o(.text) for hw_usart_init
    platform.o(.text) refers to stm32f4xx_hal_gpio.o(.text) for HAL_GPIO_Init
    platform.o(.text) refers to drv_stm32f40x_spi.o(.text) for stm32_spi_register
    platform.o(.text) refers to spi_core.o(.text) for rt_spi_bus_attach_device
    platform.o(.text) refers to spi_flash_w25qxx.o(.text) for w25qxx_init
    platform.o(.text) refers to thread.o(.text) for rt_thread_delay
    platform.o(.text) refers to spi_msd.o(.text) for msd_init
    platform.o(.text) refers to platform.o(.bss) for stm32_spi3
    platform.o(.text) refers to platform.o(.data) for spi_flash_cs
    stm32f4xx_hal_msp.o(.text) refers to stm32f4xx_hal_gpio.o(.text) for HAL_GPIO_DeInit
    drv_stm32f40x_spi.o(.text) refers to stm32f4xx_hal_spi.o(.text) for HAL_SPI_Init
    drv_stm32f40x_spi.o(.text) refers to rt_memcpy_w.o(.text) for __aeabi_memcpy4
    drv_stm32f40x_spi.o(.text) refers to stm32f4xx_hal_gpio.o(.text) for HAL_GPIO_WritePin
    drv_stm32f40x_spi.o(.text) refers to spi_core.o(.text) for rt_spi_bus_register
    drv_stm32f40x_spi.o(.text) refers to drv_stm32f40x_spi.o(.data) for stm32_spi_ops
    drv_stm32f40x_spi.o(.text) refers to system_stm32f4xx.o(.data) for SystemCoreClock
    drv_stm32f40x_spi.o(.data) refers to drv_stm32f40x_spi.o(.text) for configure
    system_stm32f4xx.o(.text) refers to system_stm32f4xx.o(.data) for SystemCoreClock
    system_stm32f4xx.o(.text) refers to system_stm32f4xx.o(.constdata) for AHBPrescTable
    startup_stm32f407xx.o(STACK) refers (Special) to heapauxi.o(.text) for __use_two_region_memory
    startup_stm32f407xx.o(HEAP) refers (Special) to heapauxi.o(.text) for __use_two_region_memory
    startup_stm32f407xx.o(RESET) refers (Special) to heapauxi.o(.text) for __use_two_region_memory
    startup_stm32f407xx.o(RESET) refers to startup_stm32f407xx.o(STACK) for __initial_sp
    startup_stm32f407xx.o(RESET) refers to startup_stm32f407xx.o(.text) for Reset_Handler
    startup_stm32f407xx.o(RESET) refers to stm32f4xx_it.o(.text) for NMI_Handler
    startup_stm32f407xx.o(RESET) refers to context_rvds.o(.text) for HardFault_Handler
    startup_stm32f407xx.o(RESET) refers to board.o(.text) for SysTick_Handler
    startup_stm32f407xx.o(RESET) refers to drv_usart.o(.text) for USART1_IRQHandler
    startup_stm32f407xx.o(.text) refers (Special) to heapauxi.o(.text) for __use_two_region_memory
    startup_stm32f407xx.o(.text) refers to system_stm32f4xx.o(.text) for SystemInit
    startup_stm32f407xx.o(.text) refers to __main.o(!!!main) for __main
    startup_stm32f407xx.o(.text) refers to startup_stm32f407xx.o(HEAP) for Heap_Mem
    startup_stm32f407xx.o(.text) refers to startup_stm32f407xx.o(STACK) for Stack_Mem
    stm32f4xx_hal.o(.text) refers to stm32f4xx_hal_rcc.o(.text) for HAL_RCC_GetHCLKFreq
    stm32f4xx_hal.o(.text) refers to stm32f4xx_hal_cortex.o(.text) for HAL_SYSTICK_Config
    stm32f4xx_hal.o(.text) refers to board.o(.text) for HAL_InitTick
    stm32f4xx_hal.o(.text) refers to stm32f4xx_hal_msp_template.o(.text) for HAL_MspInit
    stm32f4xx_hal.o(.text) refers to stm32f4xx_hal.o(.data) for uwTick
    stm32f4xx_hal_dma.o(.text) refers to stm32f4xx_hal.o(.text) for HAL_GetTick
    stm32f4xx_hal_dma.o(.text) refers to stm32f4xx_hal_dma.o(.constdata) for flagBitshiftOffset
    stm32f4xx_hal_flash.o(.text) refers to stm32f4xx_hal.o(.text) for HAL_GetTick
[...]
    HAL_NVIC_GetPendingIRQ                   0x0800133d   Thumb Code    38  stm32f4xx_hal_cortex.o(.text)
    HAL_NVIC_ClearPendingIRQ                 0x08001363   Thumb Code    22  stm32f4xx_hal_cortex.o(.text)
    HAL_NVIC_GetActive                       0x08001379   Thumb Code    38  stm32f4xx_hal_cortex.o(.text)
    HAL_SYSTICK_CLKSourceConfig              0x0800139f   Thumb Code    40  stm32f4xx_hal_cortex.o(.text)
    HAL_SYSTICK_Callback                     0x080013c7   Thumb Code     2  stm32f4xx_hal_cortex.o(.text)
    HAL_SYSTICK_IRQHandler                   0x080013c9   Thumb Code     8  stm32f4xx_hal_cortex.o(.text)
    HAL_DMA_Init                             0x0800141f   Thumb Code   128  stm32f4xx_hal_dma.o(.text)
    HAL_DMA_DeInit                           0x0800149f   Thumb Code   100  stm32f4xx_hal_dma.o(.text)
    HAL_DMA_Start                            0x0800152f   Thumb Code    82  stm32f4xx_hal_dma.o(.text)
    HAL_DMA_Start_IT                         0x08001581   Thumb Code   106  stm32f4xx_hal_dma.o(.text)
    HAL_DMA_Abort                            0x080015eb   Thumb Code    94  stm32f4xx_hal_dma.o(.text)
    HAL_DMA_PollForTransfer                  0x08001649   Thumb Code   412  stm32f4xx_hal_dma.o(.text)
    HAL_DMA_IRQHandler                       0x080017e5   Thumb Code   530  stm32f4xx_hal_dma.o(.text)
    HAL_DMA_GetState                         0x080019f7   Thumb Code     8  stm32f4xx_hal_dma.o(.text)
    HAL_DMA_GetError                         0x080019ff   Thumb Code     6  stm32f4xx_hal_dma.o(.text)
    HAL_GPIO_Init                            0x08001a09   Thumb Code   476  stm32f4xx_hal_gpio.o(.text)
    HAL_GPIO_DeInit                          0x08001be5   Thumb Code   326  stm32f4xx_hal_gpio.o(.text)
    HAL_GPIO_ReadPin                         0x08001d2b   Thumb Code    16  stm32f4xx_hal_gpio.o(.text)
    HAL_GPIO_WritePin                        0x08001d3b   Thumb Code    12  stm32f4xx_hal_gpio.o(.text)
    HAL_GPIO_TogglePin                       0x08001d47   Thumb Code     8  stm32f4xx_hal_gpio.o(.text)
    HAL_GPIO_LockPin                         0x08001d4f   Thumb Code    46  stm32f4xx_hal_gpio.o(.text)
    HAL_GPIO_EXTI_Callback                   0x08001d7d   Thumb Code     2  stm32f4xx_hal_gpio.o(.text)
    HAL_GPIO_EXTI_IRQHandler                 0x08001d7f   Thumb Code    28  stm32f4xx_hal_gpio.o(.text)
    HAL_MspInit                              0x08001dcd   Thumb Code     2  stm32f4xx_hal_msp_template.o(.text)
    HAL_MspDeInit                            0x08001dcf   Thumb Code     2  stm32f4xx_hal_msp_template.o(.text)
    HAL_PPP_MspInit                          0x08001dd1   Thumb Code     2  stm32f4xx_hal_msp_template.o(.text)
    HAL_PPP_MspDeInit                        0x08001dd3   Thumb Code     2  stm32f4xx_hal_msp_template.o(.text)
    HAL_RCC_OscConfig                        0x08001dd7   Thumb Code  1026  stm32f4xx_hal_rcc.o(.text)
    HAL_RCC_ClockConfig                      0x080021d9   Thumb Code   680  stm32f4xx_hal_rcc.o(.text)
    HAL_RCC_MCOConfig                        0x08002481   Thumb Code   178  stm32f4xx_hal_rcc.o(.text)
    HAL_RCC_EnableCSS                        0x08002533   Thumb Code     8  stm32f4xx_hal_rcc.o(.text)
    HAL_RCC_DisableCSS                       0x0800253b   Thumb Code     8  stm32f4xx_hal_rcc.o(.text)
    HAL_RCC_GetSysClockFreq                  0x08002543   Thumb Code   198  stm32f4xx_hal_rcc.o(.text)
    HAL_RCC_GetHCLKFreq                      0x08002609   Thumb Code    42  stm32f4xx_hal_rcc.o(.text)
    HAL_RCC_GetPCLK1Freq                     0x08002633   Thumb Code    36  stm32f4xx_hal_rcc.o(.text)
    HAL_RCC_GetPCLK2Freq                     0x08002657   Thumb Code    36  stm32f4xx_hal_rcc.o(.text)
    HAL_RCC_GetOscConfig                     0x0800267b   Thumb Code   296  stm32f4xx_hal_rcc.o(.text)
    HAL_RCC_GetClockConfig                   0x080027a3   Thumb Code    58  stm32f4xx_hal_rcc.o(.text)
    HAL_RCC_CSSCallback                      0x080027dd   Thumb Code     2  stm32f4xx_hal_rcc.o(.text)
    HAL_RCC_NMI_IRQHandler                   0x080027df   Thumb Code    30  stm32f4xx_hal_rcc.o(.text)
    HAL_SPI_Init                             0x08002813   Thumb Code   136  stm32f4xx_hal_spi.o(.text)
    HAL_SPI_DeInit                           0x0800289d   Thumb Code    48  stm32f4xx_hal_spi.o(.text)
    HAL_SPI_Transmit                         0x080029e1   Thumb Code   450  stm32f4xx_hal_spi.o(.text)
    HAL_SPI_TransmitReceive                  0x08002ba3   Thumb Code   850  stm32f4xx_hal_spi.o(.text)
    HAL_SPI_Receive                          0x08002ef5   Thumb Code   572  stm32f4xx_hal_spi.o(.text)
    HAL_SPI_ErrorCallback                    0x08003131   Thumb Code     2  stm32f4xx_hal_spi.o(.text)
    HAL_SPI_TxCpltCallback                   0x08003133   Thumb Code     2  stm32f4xx_hal_spi.o(.text)
    HAL_SPI_TxRxCpltCallback                 0x08003135   Thumb Code     2  stm32f4xx_hal_spi.o(.text)
    HAL_SPI_Transmit_IT                      0x08003225   Thumb Code   198  stm32f4xx_hal_spi.o(.text)
    HAL_SPI_RxCpltCallback                   0x080032eb   Thumb Code     2  stm32f4xx_hal_spi.o(.text)
    HAL_SPI_TransmitReceive_IT               0x08003413   Thumb Code   192  stm32f4xx_hal_spi.o(.text)
    HAL_SPI_Receive_IT                       0x08003525   Thumb Code   222  stm32f4xx_hal_spi.o(.text)
    HAL_SPI_TxHalfCpltCallback               0x080036b3   Thumb Code     2  stm32f4xx_hal_spi.o(.text)
    HAL_SPI_Transmit_DMA                     0x080036c3   Thumb Code   218  stm32f4xx_hal_spi.o(.text)
    HAL_SPI_RxHalfCpltCallback               0x08003915   Thumb Code     2  stm32f4xx_hal_spi.o(.text)
    HAL_SPI_TxRxHalfCpltCallback             0x0800395d   Thumb Code     2  stm32f4xx_hal_spi.o(.text)
    HAL_SPI_TransmitReceive_DMA              0x0800396d   Thumb Code   324  stm32f4xx_hal_spi.o(.text)
    HAL_SPI_Receive_DMA                      0x08003ab1   Thumb Code   288  stm32f4xx_hal_spi.o(.text)
    HAL_SPI_DMAPause                         0x08003bd1   Thumb Code    62  stm32f4xx_hal_spi.o(.text)
    HAL_SPI_DMAResume                        0x08003c0f   Thumb Code    62  stm32f4xx_hal_spi.o(.text)
    HAL_SPI_DMAStop                          0x08003c4d   Thumb Code    58  stm32f4xx_hal_spi.o(.text)
    HAL_SPI_IRQHandler                       0x08003c87   Thumb Code   262  stm32f4xx_hal_spi.o(.text)
    HAL_SPI_GetState                         0x08003d8d   Thumb Code     8  stm32f4xx_hal_spi.o(.text)
    HAL_SPI_GetError                         0x08003d95   Thumb Code     6  stm32f4xx_hal_spi.o(.text)
    HAL_UART_Init                            0x08003fc5   Thumb Code   110  stm32f4xx_hal_uart.o(.text)
    HAL_HalfDuplex_Init                      0x08004033   Thumb Code   114  stm32f4xx_hal_uart.o(.text)
    HAL_LIN_Init                             0x080040a5   Thumb Code   138  stm32f4xx_hal_uart.o(.text)
    HAL_MultiProcessor_Init                  0x0800412f   Thumb Code   150  stm32f4xx_hal_uart.o(.text)
    HAL_UART_DeInit                          0x080041c7   Thumb Code    50  stm32f4xx_hal_uart.o(.text)
    HAL_UART_Transmit                        0x080042f3   Thumb Code   240  stm32f4xx_hal_uart.o(.text)
    HAL_UART_Receive                         0x080043e3   Thumb Code   248  stm32f4xx_hal_uart.o(.text)
    HAL_UART_Transmit_IT                     0x080044db   Thumb Code   110  stm32f4xx_hal_uart.o(.text)
    HAL_UART_Receive_IT                      0x08004549   Thumb Code   134  stm32f4xx_hal_uart.o(.text)
    HAL_UART_ErrorCallback                   0x080045cf   Thumb Code     2  stm32f4xx_hal_uart.o(.text)
    HAL_UART_TxHalfCpltCallback              0x080045f3   Thumb Code     2  stm32f4xx_hal_uart.o(.text)
    HAL_UART_TxCpltCallback                  0x08004603   Thumb Code     2  stm32f4xx_hal_uart.o(.text)
    HAL_UART_Transmit_DMA                    0x0800463b   Thumb Code   156  stm32f4xx_hal_uart.o(.text)
    HAL_UART_RxHalfCpltCallback              0x080046d7   Thumb Code     2  stm32f4xx_hal_uart.o(.text)
    HAL_UART_RxCpltCallback                  0x080046e7   Thumb Code     2  stm32f4xx_hal_uart.o(.text)
    HAL_UART_Receive_DMA                     0x08004727   Thumb Code   146  stm32f4xx_hal_uart.o(.text)
    HAL_UART_DMAPause                        0x080047b9   Thumb Code   114  stm32f4xx_hal_uart.o(.text)
    HAL_UART_DMAResume                       0x0800482b   Thumb Code   160  stm32f4xx_hal_uart.o(.text)
    HAL_UART_DMAStop                         0x080048cb   Thumb Code    58  stm32f4xx_hal_uart.o(.text)
    HAL_UART_IRQHandler                      0x08004a61   Thumb Code   326  stm32f4xx_hal_uart.o(.text)
    HAL_LIN_SendBreak                        0x08004ba7   Thumb Code    62  stm32f4xx_hal_uart.o(.text)
    HAL_MultiProcessor_EnterMuteMode         0x08004be5   Thumb Code    62  stm32f4xx_hal_uart.o(.text)
    HAL_MultiProcessor_ExitMuteMode          0x08004c23   Thumb Code    62  stm32f4xx_hal_uart.o(.text)
    HAL_HalfDuplex_EnableTransmitter         0x08004c61   Thumb Code    68  stm32f4xx_hal_uart.o(.text)
    HAL_HalfDuplex_EnableReceiver            0x08004ca5   Thumb Code    68  stm32f4xx_hal_uart.o(.text)
    HAL_UART_GetState                        0x08004ce9   Thumb Code     8  stm32f4xx_hal_uart.o(.text)
    HAL_UART_GetError                        0x08004cf1   Thumb Code     6  stm32f4xx_hal_uart.o(.text)
    rt_system_tick_init                      0x08004cf9   Thumb Code     2  clock.o(.text)
    rt_tick_get                              0x08004cfb   Thumb Code     6  clock.o(.text)
    rt_tick_set                              0x08004d01   Thumb Code    22  clock.o(.text)
    rt_tick_increase                         0x08004d17   Thumb Code    42  clock.o(.text)
    rt_tick_from_millisecond                 0x08004d41   Thumb Code    22  clock.o(.text)
    rt_components_board_init                 0x08004d6d   Thumb Code    20  components.o(.text)
    rt_components_init                       0x08004d81   Thumb Code    20  components.o(.text)
    main_thread_entry                        0x08004d95   Thumb Code    90  components.o(.text)
    rt_application_init                      0x08004def   Thumb Code    50  components.o(.text)
    rtthread_startup                         0x08004e21   Thumb Code    42  components.o(.text)
    main                                     0x08004e4b   Thumb Code    14  components.o(.text)
    rt_device_find                           0x08004f3d   Thumb Code    76  device.o(.text)
    rt_device_register                       0x08004f89   Thumb Code    52  device.o(.text)
    rt_device_unregister                     0x08004fbd   Thumb Code    26  device.o(.text)
    rt_device_init_all                       0x08004fd7   Thumb Code     4  device.o(.text)
    rt_device_init                           0x08004fdb   Thumb Code    64  device.o(.text)
    rt_device_open                           0x0800501b   Thumb Code   136  device.o(.text)
    rt_device_close                          0x080050a3   Thumb Code    68  device.o(.text)
    rt_device_read                           0x080050e7   Thumb Code    76  device.o(.text)
    rt_device_write                          0x08005133   Thumb Code    76  device.o(.text)
    rt_device_control                        0x0800517f   Thumb Code    42  device.o(.text)
    rt_device_set_rx_indicate                0x080051a9   Thumb Code    26  device.o(.text)
    rt_device_set_tx_complete                0x080051c3   Thumb Code    26  device.o(.text)
    rt_thread_idle_sethook                   0x08005261   Thumb Code     6  idle.o(.text)
    rt_thread_idle_excute                    0x08005267   Thumb Code   154  idle.o(.text)
    rt_thread_idle_init                      0x08005315   Thumb Code    38  idle.o(.text)
    rt_sem_init                              0x08005441   Thumb Code    50  ipc.o(.text)
    rt_sem_detach                            0x08005473   Thumb Code    34  ipc.o(.text)
    rt_sem_create                            0x08005495   Thumb Code    84  ipc.o(.text)
    rt_sem_delete                            0x080054e9   Thumb Code    78  ipc.o(.text)
    rt_sem_take                              0x08005537   Thumb Code   266  ipc.o(.text)
    rt_sem_trytake                           0x08005641   Thumb Code    14  ipc.o(.text)
    rt_sem_release                           0x0800564f   Thumb Code    80  ipc.o(.text)
    rt_sem_control                           0x0800569f   Thumb Code    68  ipc.o(.text)
    rt_mutex_init                            0x080056e3   Thumb Code    58  ipc.o(.text)
    rt_mutex_detach                          0x0800571d   Thumb Code    36  ipc.o(.text)
    rt_mutex_create                          0x08005741   Thumb Code    96  ipc.o(.text)
    rt_mutex_delete                          0x080057a1   Thumb Code    78  ipc.o(.text)
    rt_mutex_take                            0x080057ef   Thumb Code   524  ipc.o(.text)
    rt_mutex_release                         0x080059fb   Thumb Code   272  ipc.o(.text)
    rt_mutex_control                         0x08005b0b   Thumb Code     8  ipc.o(.text)
    rt_event_init                            0x08005b13   Thumb Code    46  ipc.o(.text)
    rt_event_detach                          0x08005b41   Thumb Code    36  ipc.o(.text)
    rt_event_create                          0x08005b65   Thumb Code    88  ipc.o(.text)
    rt_event_delete                          0x08005bbd   Thumb Code    82  ipc.o(.text)
    rt_event_send                            0x08005c0f   Thumb Code   210  ipc.o(.text)
    rt_event_recv                            0x08005ce1   Thumb Code   448  ipc.o(.text)
    rt_event_control                         0x08005ea1   Thumb Code    70  ipc.o(.text)
    rt_mb_init                               0x08005ee7   Thumb Code    76  ipc.o(.text)
    rt_mb_detach                             0x08005f33   Thumb Code    44  ipc.o(.text)
    rt_mb_create                             0x08005f5f   Thumb Code   128  ipc.o(.text)
    rt_mb_delete                             0x08005fdf   Thumb Code    96  ipc.o(.text)
    rt_mb_send_wait                          0x0800603f   Thumb Code   436  ipc.o(.text)
    rt_mb_send                               0x080061f3   Thumb Code    18  ipc.o(.text)
    rt_mb_recv                               0x08006205   Thumb Code   412  ipc.o(.text)
    rt_mb_control                            0x080063a1   Thumb Code    82  ipc.o(.text)
    rt_mq_init                               0x080063f3   Thumb Code   118  ipc.o(.text)
    rt_mq_detach                             0x08006469   Thumb Code    36  ipc.o(.text)
    rt_mq_delete                             0x0800648d   Thumb Code    88  ipc.o(.text)
    rt_mq_create                             0x080064e5   Thumb Code   174  ipc.o(.text)
    rt_mq_send                               0x08006593   Thumb Code   290  ipc.o(.text)
    rt_mq_urgent                             0x080066b5   Thumb Code   198  ipc.o(.text)
    rt_mq_recv                               0x0800677b   Thumb Code   438  ipc.o(.text)
    rt_mq_control                            0x08006931   Thumb Code    98  ipc.o(.text)
    rt_interrupt_enter                       0x080069e9   Thumb Code    30  irq.o(.text)
    rt_interrupt_leave                       0x08006a07   Thumb Code    30  irq.o(.text)
    rt_interrupt_get_nest                    0x08006a25   Thumb Code     6  irq.o(.text)
    rt_get_errno                             0x08006a31   Thumb Code    32  kservice.o(.text)
    rt_set_errno                             0x08006a51   Thumb Code    36  kservice.o(.text)
    _rt_errno                                0x08006a75   Thumb Code    30  kservice.o(.text)
    rt_memset                                0x08006a93   Thumb Code    72  kservice.o(.text)
    rt_memcpy                                0x08006adb   Thumb Code   124  kservice.o(.text)
    rt_memmove                               0x08006b57   Thumb Code    66  kservice.o(.text)
    rt_memcmp                                0x08006b99   Thumb Code    38  kservice.o(.text)
    rt_strlen                                0x08006bbf   Thumb Code    18  kservice.o(.text)
    rt_strstr                                0x08006bd1   Thumb Code    58  kservice.o(.text)
    rt_strcasecmp                            0x08006c0b   Thumb Code    48  kservice.o(.text)
    rt_strncpy                               0x08006c3b   Thumb Code    52  kservice.o(.text)
    rt_strncmp                               0x08006c6f   Thumb Code    40  kservice.o(.text)
    rt_strcmp                                0x08006c97   Thumb Code    28  kservice.o(.text)
    rt_strdup                                0x08006cb3   Thumb Code    40  kservice.o(.text)
    rt_hw_console_output                     0x08006cdb   Thumb Code     2  kservice.o(.text)
    rt_vsnprintf                             0x08006e93   Thumb Code   800  kservice.o(.text)
    rt_kprintf                               0x080071b3   Thumb Code    96  kservice.o(.text)
    rt_show_version                          0x08007213   Thumb Code    38  kservice.o(.text)
    rt_snprintf                              0x08007239   Thumb Code    38  kservice.o(.text)
    rt_vsprintf                              0x0800725f   Thumb Code    22  kservice.o(.text)
    rt_sprintf                               0x08007275   Thumb Code    34  kservice.o(.text)
    rt_console_get_device                    0x08007297   Thumb Code     6  kservice.o(.text)
    rt_console_set_device                    0x0800729d   Thumb Code    48  kservice.o(.text)
    rt_malloc_align                          0x080072cd   Thumb Code    66  kservice.o(.text)
    rt_free_align                            0x0800730f   Thumb Code    16  kservice.o(.text)
    __rt_ffs                                 0x0800731f   Thumb Code    70  kservice.o(.text)
    rt_assert_set_hook                       0x08007365   Thumb Code     6  kservice.o(.text)
    rt_assert_handler                        0x0800736b   Thumb Code    56  kservice.o(.text)
    rt_malloc_sethook                        0x0800747d   Thumb Code     6  mem.o(.text)
    rt_free_sethook                          0x08007483   Thumb Code     6  mem.o(.text)
    rt_system_heap_init                      0x08007529   Thumb Code   204  mem.o(.text)
    rt_malloc                                0x080075f5   Thumb Code   520  mem.o(.text)
    rt_free                                  0x080077fd   Thumb Code   602  mem.o(.text)
    rt_realloc                               0x08007a57   Thumb Code   312  mem.o(.text)
    rt_calloc                                0x08007b8f   Thumb Code    84  mem.o(.text)
    rt_memory_info                           0x08007be3   Thumb Code    26  mem.o(.text)
    list_mem                                 0x08007bfd   Thumb Code    34  mem.o(.text)
    rt_object_attach_sethook                 0x08007d11   Thumb Code     6  object.o(.text)
    rt_object_detach_sethook                 0x08007d17   Thumb Code     6  object.o(.text)
    rt_object_trytake_sethook                0x08007d1d   Thumb Code     6  object.o(.text)
    rt_object_take_sethook                   0x08007d23   Thumb Code     6  object.o(.text)
    rt_object_put_sethook                    0x08007d29   Thumb Code     6  object.o(.text)
    rt_system_object_init                    0x08007d2f   Thumb Code     2  object.o(.text)
    rt_object_get_information                0x08007d31   Thumb Code    10  object.o(.text)
    rt_object_init                           0x08007d3b   Thumb Code    76  object.o(.text)
    rt_object_detach                         0x08007d87   Thumb Code    56  object.o(.text)
    rt_object_allocate                       0x08007dbf   Thumb Code   132  object.o(.text)
    rt_object_delete                         0x08007e43   Thumb Code    84  object.o(.text)
    rt_object_is_systemobject                0x08007e97   Thumb Code    34  object.o(.text)
    rt_object_find                           0x08007eb9   Thumb Code   126  object.o(.text)
    rt_scheduler_sethook                     0x08007fcd   Thumb Code     6  scheduler.o(.text)
    rt_system_scheduler_init                 0x08008025   Thumb Code    56  scheduler.o(.text)
    rt_system_scheduler_start                0x0800805d   Thumb Code    36  scheduler.o(.text)
    rt_schedule                              0x08008081   Thumb Code   134  scheduler.o(.text)
    rt_schedule_insert_thread                0x08008107   Thumb Code    82  scheduler.o(.text)
    rt_schedule_remove_thread                0x08008159   Thumb Code    94  scheduler.o(.text)
    rt_enter_critical                        0x080081b7   Thumb Code    28  scheduler.o(.text)
    rt_exit_critical                         0x080081d3   Thumb Code    54  scheduler.o(.text)
    rt_critical_level                        0x08008209   Thumb Code     8  scheduler.o(.text)
    rt_thread_exit                           0x080082cd   Thumb Code    76  thread.o(.text)
    rt_thread_timeout                        0x08008319   Thumb Code    66  thread.o(.text)
    rt_thread_init                           0x080083e9   Thumb Code    74  thread.o(.text)
    rt_thread_self                           0x08008433   Thumb Code     6  thread.o(.text)
    rt_thread_resume                         0x08008439   Thumb Code    78  thread.o(.text)
    rt_thread_startup                        0x08008487   Thumb Code    80  thread.o(.text)
    rt_thread_detach                         0x080084d7   Thumb Code    72  thread.o(.text)
    rt_thread_create                         0x0800851f   Thumb Code    80  thread.o(.text)
    rt_thread_delete                         0x0800856f   Thumb Code    64  thread.o(.text)
    rt_thread_yield                          0x080085af   Thumb Code    88  thread.o(.text)
    rt_thread_suspend                        0x08008607   Thumb Code    76  thread.o(.text)
    rt_thread_sleep                          0x08008653   Thumb Code    76  thread.o(.text)
    rt_thread_delay                          0x0800869f   Thumb Code   210  thread.o(.text)
    rt_thread_control                        0x08008771   Thumb Code   130  thread.o(.text)
    rt_thread_find                           0x080087f3   Thumb Code    76  thread.o(.text)
    rt_timer_timeout_sethook                 0x08008857   Thumb Code     6  timer.o(.text)
    rt_timer_init                            0x080088e9   Thumb Code    58  timer.o(.text)
    rt_timer_detach                          0x08008923   Thumb Code    44  timer.o(.text)
    rt_timer_create                          0x0800894f   Thumb Code    54  timer.o(.text)
    rt_timer_delete                          0x08008985   Thumb Code    46  timer.o(.text)
    rt_timer_start                           0x080089b3   Thumb Code   292  timer.o(.text)
    rt_timer_stop                            0x08008ad7   Thumb Code    80  timer.o(.text)
    rt_timer_control                         0x08008b27   Thumb Code    76  timer.o(.text)
    rt_timer_check                           0x08008b73   Thumb Code   148  timer.o(.text)
    rt_timer_next_timeout_tick               0x08008c07   Thumb Code    10  timer.o(.text)
    rt_system_timer_init                     0x08008c11   Thumb Code    24  timer.o(.text)
    rt_system_timer_thread_init              0x08008c29   Thumb Code     2  timer.o(.text)
    rt_hw_stack_init                         0x08008ca5   Thumb Code    74  cpuport.o(.text)
    rt_hw_exception_install                  0x08008cef   Thumb Code     6  cpuport.o(.text)
    rt_hw_hard_fault_exception               0x08008cf5   Thumb Code   112  cpuport.o(.text)
    rt_hw_cpu_shutdown                       0x08008d65   Thumb Code    20  cpuport.o(.text)
    rt_hw_interrupt_disable                  0x08008e35   Thumb Code     8  context_rvds.o(.text)
    rt_hw_interrupt_enable                   0x08008e3d   Thumb Code     6  context_rvds.o(.text)
    rt_hw_context_switch                     0x08008e43   Thumb Code    32  context_rvds.o(.text)
    rt_hw_context_switch_interrupt           0x08008e43   Thumb Code     0  context_rvds.o(.text)
    PendSV_Handler                           0x08008e63   Thumb Code   108  context_rvds.o(.text)
    rt_hw_context_switch_to                  0x08008ecf   Thumb Code    68  context_rvds.o(.text)
    rt_hw_interrupt_thread_switch            0x08008f13   Thumb Code     2  context_rvds.o(.text)
    HardFault_Handler                        0x08008f15   Thumb Code    20  context_rvds.o(.text)
    dfs_init                                 0x08008f41   Thumb Code    46  dfs.o(.text)
    dfs_lock                                 0x08008f6f   Thumb Code    28  dfs.o(.text)
    dfs_unlock                               0x08008f8b   Thumb Code    10  dfs.o(.text)
    fd_new                                   0x08008f95   Thumb Code    62  dfs.o(.text)
    fd_get                                   0x08008fd3   Thumb Code    58  dfs.o(.text)
    fd_put                                   0x0800900d   Thumb Code    46  dfs.o(.text)
    dfs_normalize_path                       0x0800903b   Thumb Code   352  dfs.o(.text)
    fd_is_open                               0x0800919b   Thumb Code   148  dfs.o(.text)
    dfs_subdir                               0x0800922f   Thumb Code    56  dfs.o(.text)
    dfs_file_open                            0x080092e9   Thumb Code   208  dfs_file.o(.text)
    dfs_file_close                           0x080093b9   Thumb Code    50  dfs_file.o(.text)
    dfs_file_ioctl                           0x080093eb   Thumb Code    52  dfs_file.o(.text)
    dfs_file_read                            0x0800941f   Thumb Code    68  dfs_file.o(.text)
    dfs_file_getdents                        0x08009463   Thumb Code    54  dfs_file.o(.text)
    dfs_file_unlink                          0x08009499   Thumb Code   148  dfs_file.o(.text)
    dfs_file_write                           0x0800952d   Thumb Code    48  dfs_file.o(.text)
    dfs_file_flush                           0x0800955d   Thumb Code    36  dfs_file.o(.text)
    dfs_file_lseek                           0x08009581   Thumb Code    64  dfs_file.o(.text)
    dfs_file_stat                            0x080095c1   Thumb Code   182  dfs_file.o(.text)
    dfs_file_rename                          0x08009677   Thumb Code   174  dfs_file.o(.text)
    ls                                       0x08009725   Thumb Code   212  dfs_file.o(.text)
    rm                                       0x080097f9   Thumb Code    24  dfs_file.o(.text)
    cat                                      0x08009811   Thumb Code    80  dfs_file.o(.text)
    copy                                     0x08009a27   Thumb Code   630  dfs_file.o(.text)
    dfs_register                             0x08009c9d   Thumb Code    76  dfs_fs.o(.text)
    dfs_filesystem_lookup                    0x08009ce9   Thumb Code   114  dfs_fs.o(.text)
    dfs_filesystem_get_mounted_path          0x08009d5b   Thumb Code    52  dfs_fs.o(.text)
    dfs_filesystem_get_partition             0x08009d8f   Thumb Code   206  dfs_fs.o(.text)
    dfs_mount                                0x08009e5d   Thumb Code   400  dfs_fs.o(.text)
    dfs_unmount                              0x08009fed   Thumb Code   288  dfs_fs.o(.text)
    dfs_mkfs                                 0x0800a10d   Thumb Code   138  dfs_fs.o(.text)
    dfs_statfs                               0x0800a197   Thumb Code    40  dfs_fs.o(.text)
    mkfs                                     0x0800a1bf   Thumb Code    16  dfs_fs.o(.text)
    df                                       0x0800a1cf   Thumb Code    60  dfs_fs.o(.text)
    open                                     0x0800a28d   Thumb Code    94  dfs_posix.o(.text)
    close                                    0x0800a2eb   Thumb Code    68  dfs_posix.o(.text)
    read                                     0x0800a32f   Thumb Code    80  dfs_posix.o(.text)
    write                                    0x0800a37f   Thumb Code    80  dfs_posix.o(.text)
    lseek                                    0x0800a3cf   Thumb Code   150  dfs_posix.o(.text)
    rename                                   0x0800a465   Thumb Code    36  dfs_posix.o(.text)
    unlink                                   0x0800a489   Thumb Code    32  dfs_posix.o(.text)
    stat                                     0x0800a4a9   Thumb Code    36  dfs_posix.o(.text)
    fstat                                    0x0800a4cd   Thumb Code    82  dfs_posix.o(.text)
    fsync                                    0x0800a51f   Thumb Code    46  dfs_posix.o(.text)
    ioctl                                    0x0800a54d   Thumb Code    70  dfs_posix.o(.text)
    statfs                                   0x0800a593   Thumb Code    36  dfs_posix.o(.text)
    mkdir                                    0x0800a5b7   Thumb Code   104  dfs_posix.o(.text)
    rmdir                                    0x0800a61f   Thumb Code    32  dfs_posix.o(.text)
    opendir                                  0x0800a63f   Thumb Code   130  dfs_posix.o(.text)
    readdir                                  0x0800a6c1   Thumb Code   132  dfs_posix.o(.text)
    telldir                                  0x0800a745   Thumb Code    50  dfs_posix.o(.text)
    seekdir                                  0x0800a777   Thumb Code    58  dfs_posix.o(.text)
    rewinddir                                0x0800a7b1   Thumb Code    56  dfs_posix.o(.text)
    closedir                                 0x0800a7e9   Thumb Code    74  dfs_posix.o(.text)
    getcwd                                   0x0800a833   Thumb Code    16  dfs_posix.o(.text)
    dfs_elm_mount                            0x0800a8ed   Thumb Code   224  dfs_elm.o(.text)
    dfs_elm_unmount                          0x0800a9cd   Thumb Code    80  dfs_elm.o(.text)
    dfs_elm_mkfs                             0x0800aa1d   Thumb Code   168  dfs_elm.o(.text)
    dfs_elm_statfs                           0x0800aac5   Thumb Code   118  dfs_elm.o(.text)
    dfs_elm_open                             0x0800ab3b   Thumb Code   334  dfs_elm.o(.text)
    dfs_elm_close                            0x0800ac89   Thumb Code   248  dfs_elm.o(.text)
    dfs_elm_ioctl                            0x0800ad81   Thumb Code     8  dfs_elm.o(.text)
    dfs_elm_read                             0x0800ad89   Thumb Code    72  dfs_elm.o(.text)
    dfs_elm_write                            0x0800add1   Thumb Code    76  dfs_elm.o(.text)
    dfs_elm_flush                            0x0800ae1d   Thumb Code    36  dfs_elm.o(.text)
    dfs_elm_lseek                            0x0800ae41   Thumb Code   114  dfs_elm.o(.text)
    dfs_elm_getdents                         0x0800aeb3   Thumb Code   210  dfs_elm.o(.text)
    dfs_elm_unlink                           0x0800af85   Thumb Code    86  dfs_elm.o(.text)
    dfs_elm_rename                           0x0800afdb   Thumb Code    94  dfs_elm.o(.text)
    dfs_elm_stat                             0x0800b039   Thumb Code   256  dfs_elm.o(.text)
    elm_init                                 0x0800b139   Thumb Code    52  dfs_elm.o(.text)
    disk_initialize                          0x0800b16d   Thumb Code     6  dfs_elm.o(.text)
    disk_status                              0x0800b173   Thumb Code     6  dfs_elm.o(.text)
    disk_read                                0x0800b179   Thumb Code    46  dfs_elm.o(.text)
    disk_write                               0x0800b1a7   Thumb Code    46  dfs_elm.o(.text)
    disk_ioctl                               0x0800b1d5   Thumb Code   156  dfs_elm.o(.text)
    get_fattime                              0x0800b271   Thumb Code     4  dfs_elm.o(.text)
    clust2sect                               0x0800b3f7   Thumb Code    26  ff.o(.text)
    get_fat                                  0x0800b411   Thumb Code   280  ff.o(.text)
    put_fat                                  0x0800b529   Thumb Code   336  ff.o(.text)
    f_mount                                  0x0800c0cf   Thumb Code    38  ff.o(.text)
    f_open                                   0x0800c0f5   Thumb Code   288  ff.o(.text)
    f_read                                   0x0800c215   Thumb Code   524  ff.o(.text)
    f_write                                  0x0800c421   Thumb Code   608  ff.o(.text)
    f_sync                                   0x0800c681   Thumb Code   142  ff.o(.text)
    f_close                                  0x0800c70f   Thumb Code    22  ff.o(.text)
    f_lseek                                  0x0800c725   Thumb Code   778  ff.o(.text)
    f_opendir                                0x0800ca2f   Thumb Code    98  ff.o(.text)
    f_readdir                                0x0800ca91   Thumb Code    88  ff.o(.text)
    f_seekdir                                0x0800cae9   Thumb Code    60  ff.o(.text)
    f_stat                                   0x0800cb25   Thumb Code    58  ff.o(.text)
    f_getfree                                0x0800cb5f   Thumb Code   254  ff.o(.text)
    f_truncate                               0x0800cc5d   Thumb Code   156  ff.o(.text)
    f_unlink                                 0x0800ccf9   Thumb Code   166  ff.o(.text)
    f_mkdir                                  0x0800cd9f   Thumb Code   326  ff.o(.text)
    f_chmod                                  0x0800cee5   Thumb Code    84  ff.o(.text)
    f_utime                                  0x0800cf39   Thumb Code    74  ff.o(.text)
    f_rename                                 0x0800cf83   Thumb Code   266  ff.o(.text)
    f_mkfs                                   0x0800d08d   Thumb Code  1236  ff.o(.text)
    elm_get_vol                              0x0800d561   Thumb Code    32  ff.o(.text)
    msd_init                                 0x080104a1   Thumb Code   134  spi_msd.o(.text)
    rt_hw_serial_register                    0x0801091b   Thumb Code   246  serial.o(.text)
    rt_hw_serial_isr                         0x08010a11   Thumb Code   302  serial.o(.text)
    rt_spi_bus_register                      0x08010df5   Thumb Code    50  spi_core.o(.text)
    rt_spi_bus_attach_device                 0x08010e27   Thumb Code    74  spi_core.o(.text)
    rt_spi_configure                         0x08010e71   Thumb Code    96  spi_core.o(.text)
    rt_spi_send_then_send                    0x08010ed1   Thumb Code   240  spi_core.o(.text)
    rt_spi_send_then_recv                    0x08010fc1   Thumb Code   240  spi_core.o(.text)
    rt_spi_transfer                          0x080110b1   Thumb Code   198  spi_core.o(.text)
    rt_spi_transfer_message                  0x08011177   Thumb Code   164  spi_core.o(.text)
    rt_spi_take_bus                          0x0801121b   Thumb Code   204  spi_core.o(.text)
    rt_spi_release_bus                       0x080112e7   Thumb Code    72  spi_core.o(.text)
    rt_spi_take                              0x0801132f   Thumb Code    80  spi_core.o(.text)
    rt_spi_release                           0x0801137f   Thumb Code    80  spi_core.o(.text)
    rt_spi_bus_device_init                   0x08011481   Thumb Code    56  spi_dev.o(.text)
    rt_spidev_device_init                    0x0801153d   Thumb Code    56  spi_dev.o(.text)
    w25qxx_page_write                        0x080116a5   Thumb Code   186  spi_flash_w25qxx.o(.text)
    w25qxx_init                              0x08011867   Thumb Code   892  spi_flash_w25qxx.o(.text)
    rt_completion_init                       0x08011c45   Thumb Code    42  completion.o(.text)
    rt_completion_wait                       0x08011c6f   Thumb Code   198  completion.o(.text)
    rt_completion_done                       0x08011d35   Thumb Code    76  completion.o(.text)
    rt_data_queue_init                       0x08011e1b   Thumb Code    78  dataqueue.o(.text)
    rt_data_queue_push                       0x08011e69   Thumb Code   276  dataqueue.o(.text)
    rt_data_queue_pop                        0x08011f7d   Thumb Code   340  dataqueue.o(.text)
    rt_data_queue_peak                       0x080120d1   Thumb Code    94  dataqueue.o(.text)
    rt_data_queue_reset                      0x0801212f   Thumb Code   106  dataqueue.o(.text)
    finsh_set_device                         0x08012243   Thumb Code   156  shell.o(.text)
    finsh_get_device                         0x080122df   Thumb Code    28  shell.o(.text)
    finsh_set_echo                           0x080122fb   Thumb Code    30  shell.o(.text)
    finsh_get_echo                           0x08012319   Thumb Code    32  shell.o(.text)
    finsh_run_line                           0x08012355   Thumb Code   164  shell.o(.text)
    finsh_thread_entry                       0x080124b5   Thumb Code  1646  shell.o(.text)
    finsh_system_function_init               0x08012b23   Thumb Code    10  shell.o(.text)
    finsh_system_var_init                    0x08012b2d   Thumb Code    10  shell.o(.text)
    finsh_system_init                        0x08012b37   Thumb Code   122  shell.o(.text)
    hello                                    0x08012c19   Thumb Code    12  cmd.o(.text)
    version                                  0x08012c25   Thumb Code    10  cmd.o(.text)
    list_thread                              0x08012cdb   Thumb Code    10  cmd.o(.text)
    list_sem                                 0x08012d79   Thumb Code    12  cmd.o(.text)
    list_event                               0x08012de5   Thumb Code    12  cmd.o(.text)
    list_mutex                               0x08012e33   Thumb Code    12  cmd.o(.text)
    list_mailbox                             0x08012eb7   Thumb Code    12  cmd.o(.text)
    list_msgqueue                            0x08012f2f   Thumb Code    12  cmd.o(.text)
    list_mempool                             0x08012fa1   Thumb Code    12  cmd.o(.text)
    list_timer                               0x080133e5   Thumb Code    10  cmd.o(.text)
    list_device                              0x08013441   Thumb Code    12  cmd.o(.text)
    list                                     0x0801344d   Thumb Code   126  cmd.o(.text)
    list_prefix                              0x0801350d   Thumb Code   434  cmd.o(.text)
    finsh_compiler_run                       0x08014f77   Thumb Code    88  finsh_compiler.o(.text)
    finsh_error_init                         0x08014fe1   Thumb Code     8  finsh_error.o(.text)
    finsh_error_set                          0x08014fe9   Thumb Code    10  finsh_error.o(.text)
    finsh_errno                              0x08014ff3   Thumb Code     6  finsh_error.o(.text)
    finsh_error_string                       0x08014ff9   Thumb Code    10  finsh_error.o(.text)
    finsh_heap_init                          0x0801500d   Thumb Code    36  finsh_heap.o(.text)
    finsh_heap_free                          0x08015131   Thumb Code    34  finsh_heap.o(.text)
    finsh_heap_allocate                      0x080151a1   Thumb Code   106  finsh_heap.o(.text)
    finsh_init                               0x0801521d   Thumb Code    30  finsh_init.o(.text)
    finsh_stack_bottom                       0x0801523b   Thumb Code     6  finsh_init.o(.text)
    finsh_flush                              0x08015241   Thumb Code    22  finsh_init.o(.text)
    finsh_reset                              0x08015257   Thumb Code    24  finsh_init.o(.text)
    finsh_node_init                          0x08015275   Thumb Code    16  finsh_node.o(.text)
    finsh_node_allocate                      0x08015285   Thumb Code    56  finsh_node.o(.text)
    finsh_node_new_id                        0x080152bd   Thumb Code   118  finsh_node.o(.text)
    finsh_node_new_char                      0x08015333   Thumb Code    30  finsh_node.o(.text)
    finsh_node_new_int                       0x08015351   Thumb Code    30  finsh_node.o(.text)
    finsh_node_new_long                      0x0801536f   Thumb Code    30  finsh_node.o(.text)
    finsh_node_new_string                    0x0801538d   Thumb Code    74  finsh_node.o(.text)
    finsh_node_new_ptr                       0x080153d7   Thumb Code    30  finsh_node.o(.text)
    OP_no_op                                 0x080153f9   Thumb Code     2  finsh_ops.o(.text)
    OP_add_byte                              0x080153fb   Thumb Code    42  finsh_ops.o(.text)
    OP_add_word                              0x08015425   Thumb Code    44  finsh_ops.o(.text)
    OP_add_dword                             0x08015451   Thumb Code    42  finsh_ops.o(.text)
    OP_sub_byte                              0x0801547b   Thumb Code    42  finsh_ops.o(.text)
    OP_sub_word                              0x080154a5   Thumb Code    44  finsh_ops.o(.text)
    OP_sub_dword                             0x080154d1   Thumb Code    42  finsh_ops.o(.text)
    OP_div_byte                              0x080154fb   Thumb Code    44  finsh_ops.o(.text)
    OP_div_word                              0x08015527   Thumb Code    46  finsh_ops.o(.text)
    OP_div_dword                             0x08015555   Thumb Code    44  finsh_ops.o(.text)
    OP_mod_byte                              0x08015581   Thumb Code    48  finsh_ops.o(.text)
    OP_mod_word                              0x080155b1   Thumb Code    48  finsh_ops.o(.text)
    OP_mod_dword                             0x080155e1   Thumb Code    48  finsh_ops.o(.text)
    OP_mul_byte                              0x08015611   Thumb Code    44  finsh_ops.o(.text)
    OP_mul_word                              0x0801563d   Thumb Code    46  finsh_ops.o(.text)
    OP_mul_dword                             0x0801566b   Thumb Code    42  finsh_ops.o(.text)
    OP_and_byte                              0x08015695   Thumb Code    42  finsh_ops.o(.text)
    OP_and_word                              0x080156bf   Thumb Code    42  finsh_ops.o(.text)
    OP_and_dword                             0x080156e9   Thumb Code    42  finsh_ops.o(.text)
    OP_or_byte                               0x08015713   Thumb Code    42  finsh_ops.o(.text)
    OP_or_word                               0x0801573d   Thumb Code    42  finsh_ops.o(.text)
    OP_or_dword                              0x08015767   Thumb Code    42  finsh_ops.o(.text)
    OP_xor_byte                              0x08015791   Thumb Code    42  finsh_ops.o(.text)
    OP_xor_word                              0x080157bb   Thumb Code    46  finsh_ops.o(.text)
    OP_xor_dword                             0x080157e9   Thumb Code    42  finsh_ops.o(.text)
    OP_bw_byte                               0x08015813   Thumb Code    20  finsh_ops.o(.text)
    OP_bw_word                               0x08015827   Thumb Code    20  finsh_ops.o(.text)
    OP_bw_dword                              0x0801583b   Thumb Code    20  finsh_ops.o(.text)
    OP_shl_byte                              0x0801584f   Thumb Code    42  finsh_ops.o(.text)
    OP_shl_word                              0x08015879   Thumb Code    44  finsh_ops.o(.text)
    OP_shl_dword                             0x080158a5   Thumb Code    42  finsh_ops.o(.text)
    OP_shr_byte                              0x080158cf   Thumb Code    42  finsh_ops.o(.text)
    OP_shr_word                              0x080158f9   Thumb Code    42  finsh_ops.o(.text)
    OP_shr_dword                             0x08015923   Thumb Code    42  finsh_ops.o(.text)
    OP_ld_byte                               0x0801594d   Thumb Code    34  finsh_ops.o(.text)
    OP_ld_word                               0x0801596f   Thumb Code    46  finsh_ops.o(.text)
    OP_ld_dword                              0x0801599d   Thumb Code    64  finsh_ops.o(.text)
    OP_ld_value_byte                         0x080159dd   Thumb Code    66  finsh_ops.o(.text)
    OP_ld_value_byte_stack                   0x08015a1f   Thumb Code    20  finsh_ops.o(.text)
    OP_ld_value_word                         0x08015a33   Thumb Code    66  finsh_ops.o(.text)
    OP_ld_value_word_stack                   0x08015a75   Thumb Code    20  finsh_ops.o(.text)
    OP_ld_value_dword                        0x08015a89   Thumb Code    66  finsh_ops.o(.text)
    OP_ld_value_dword_stack                  0x08015acb   Thumb Code    20  finsh_ops.o(.text)
    OP_st_byte                               0x08015adf   Thumb Code    30  finsh_ops.o(.text)
    OP_st_word                               0x08015afd   Thumb Code    30  finsh_ops.o(.text)
    OP_st_dword                              0x08015b1b   Thumb Code    30  finsh_ops.o(.text)
    OP_pop                                   0x08015b39   Thumb Code    12  finsh_ops.o(.text)
    OP_call                                  0x08015b45   Thumb Code   906  finsh_ops.o(.text)
    finsh_parser_run                         0x08016765   Thumb Code   220  finsh_parser.o(.text)
    finsh_parser_init                        0x08016841   Thumb Code    16  finsh_parser.o(.text)
    finsh_var_init                           0x08016851   Thumb Code    14  finsh_var.o(.text)
    finsh_var_insert                         0x0801685f   Thumb Code   114  finsh_var.o(.text)
    finsh_var_delete                         0x080168d1   Thumb Code    68  finsh_var.o(.text)
    finsh_var_lookup                         0x08016915   Thumb Code    58  finsh_var.o(.text)
    finsh_sysvar_append                      0x0801694f   Thumb Code    62  finsh_var.o(.text)
    finsh_sysvar_lookup                      0x0801698d   Thumb Code    78  finsh_var.o(.text)
    finsh_vm_run                             0x080169ed   Thumb Code    62  finsh_vm.o(.text)
    finsh_syscall_append                     0x08016a2b   Thumb Code    54  finsh_vm.o(.text)
    finsh_syscall_lookup                     0x08016a61   Thumb Code    78  finsh_vm.o(.text)
    finsh_token_init                         0x08016ad1   Thumb Code    20  finsh_token.o(.text)
    token_get_string                         0x08016ee9   Thumb Code   120  finsh_token.o(.text)
    finsh_token_token                        0x08017121   Thumb Code    24  finsh_token.o(.text)
    finsh_token_get_token                    0x08017139   Thumb Code    20  finsh_token.o(.text)
    atoi                                     0x08017151   Thumb Code    26  atoi.o(.text)
    strrchr                                  0x0801716b   Thumb Code    22  strrchr.o(.text)
    strlen                                   0x08017181   Thumb Code    62  strlen.o(.text)
    strncmp                                  0x080171bf   Thumb Code   150  strncmp.o(.text)
    __aeabi_memcpy                           0x08017255   Thumb Code     0  rt_memcpy_v6.o(.text)
    __rt_memcpy                              0x08017255   Thumb Code   138  rt_memcpy_v6.o(.text)
    _memcpy_lastbytes                        0x080172bb   Thumb Code     0  rt_memcpy_v6.o(.text)
    __aeabi_memcpy4                          0x080172df   Thumb Code     0  rt_memcpy_w.o(.text)
    __aeabi_memcpy8                          0x080172df   Thumb Code     0  rt_memcpy_w.o(.text)
    __rt_memcpy_w                            0x080172df   Thumb Code   100  rt_memcpy_w.o(.text)
    _memcpy_lastbytes_aligned                0x08017327   Thumb Code     0  rt_memcpy_w.o(.text)
    __aeabi_memset                           0x08017343   Thumb Code    16  aeabi_memset.o(.text)
    __aeabi_memclr                           0x08017353   Thumb Code     0  rt_memclr.o(.text)
    __rt_memclr                              0x08017353   Thumb Code    68  rt_memclr.o(.text)
    _memset                                  0x08017357   Thumb Code     0  rt_memclr.o(.text)
    __aeabi_memclr4                          0x08017397   Thumb Code     0  rt_memclr_w.o(.text)
    __aeabi_memclr8                          0x08017397   Thumb Code     0  rt_memclr_w.o(.text)
    __rt_memclr_w                            0x08017397   Thumb Code    78  rt_memclr_w.o(.text)
    _memset_w                                0x0801739b   Thumb Code     0  rt_memclr_w.o(.text)
    strncpy                                  0x080173e5   Thumb Code    86  strncpy.o(.text)
    strcmp                                   0x0801743d   Thumb Code   128  strcmpv7m.o(.text)
    mktime                                   0x080174fb   Thumb Code   352  mktime.o(.text)
    __use_two_region_memory                  0x08017665   Thumb Code     2  heapauxi.o(.text)
    __rt_heap_escrow$2region                 0x08017667   Thumb Code     2  heapauxi.o(.text)
    __rt_heap_expand$2region                 0x08017669   Thumb Code     2  heapauxi.o(.text)
    __aeabi_errno_addr                       0x0801766d   Thumb Code     8  rt_errno_addr_intlibspace.o(.text)
    __errno$intlibspace                      0x0801766d   Thumb Code     0  rt_errno_addr_intlibspace.o(.text)
    __rt_errno_addr$intlibspace              0x0801766d   Thumb Code     0  rt_errno_addr_intlibspace.o(.text)
    strtol                                   0x08017675   Thumb Code   112  strtol.o(.text)
    __user_libspace                          0x080176e5   Thumb Code     8  libspace.o(.text)
    __user_perproc_libspace                  0x080176e5   Thumb Code     0  libspace.o(.text)
    __user_perthread_libspace                0x080176e5   Thumb Code     0  libspace.o(.text)
    __rt_ctype_table                         0x080176ed   Thumb Code    16  rt_ctype_table.o(.text)
    _strtoul                                 0x080176fd   Thumb Code   158  _strtoul.o(.text)
    __user_setup_stackheap                   0x0801779b   Thumb Code    74  sys_stackheap_outer.o(.text)
    __rt_locale                              0x080177e5   Thumb Code     8  rt_locale_intlibspace.o(.text)
    _chval                                   0x080177ed   Thumb Code    28  _chval.o(.text)
    exit                                     0x08017809   Thumb Code    18  exit.o(.text)
    _sys_exit                                0x0801781d   Thumb Code     8  sys_exit.o(.text)
    __I$use$semihosting                      0x08017829   Thumb Code     0  use_no_semi.o(.text)
    __use_no_semihosting_swi                 0x08017829   Thumb Code     2  use_no_semi.o(.text)
    __semihosting_library_function           0x0801782b   Thumb Code     0  indicate_semi.o(.text)
    _get_lc_ctype                            0x0801782d   Thumb Code    44  lc_ctype_c.o(locale$$code)
    _fp_init                                 0x08017859   Thumb Code    10  fpinit.o(x$fpl$fpinit)
    __fplib_config_fpu_vfp                   0x08017861   Thumb Code     0  fpinit.o(x$fpl$fpinit)
    __fplib_config_pureend_doubles           0x08017861   Thumb Code     0  fpinit.o(x$fpl$fpinit)
    AHBPrescTable                            0x080178ac   Data          16  system_stm32f4xx.o(.constdata)
    APBAHBPrescTable                         0x080178c4   Data          16  stm32f4xx_hal_rcc.o(.constdata)
    __lowest_bit_bitmap                      0x08017b7d   Data         256  kservice.o(.constdata)
    op_table                                 0x08018348   Data         196  finsh_ops.o(.constdata)
    _monlen                                  0x0801844c   Data          12  _monlen.o(.constdata)
    __fsym_list_mem_name                     0x080188fa   Data           9  mem.o(.rodata.name)
    __fsym_list_mem_desc                     0x08018903   Data          30  mem.o(.rodata.name)
    __fsym_ls_name                           0x08018921   Data           3  dfs_file.o(.rodata.name)
    __fsym_ls_desc                           0x08018924   Data          24  dfs_file.o(.rodata.name)
    __fsym_rm_name                           0x0801893c   Data           3  dfs_file.o(.rodata.name)
    __fsym_rm_desc                           0x0801893f   Data          28  dfs_file.o(.rodata.name)
    __fsym_cat_name                          0x0801895b   Data           4  dfs_file.o(.rodata.name)
    __fsym_cat_desc                          0x0801895f   Data          11  dfs_file.o(.rodata.name)
    __fsym_copy_name                         0x0801896a   Data           5  dfs_file.o(.rodata.name)
    __fsym_copy_desc                         0x0801896f   Data          17  dfs_file.o(.rodata.name)
    __fsym_mkfs_name                         0x08018980   Data           5  dfs_fs.o(.rodata.name)
    __fsym_mkfs_desc                         0x08018985   Data          19  dfs_fs.o(.rodata.name)
    __fsym_df_name                           0x08018998   Data           3  dfs_fs.o(.rodata.name)
    __fsym_df_desc                           0x0801899b   Data          14  dfs_fs.o(.rodata.name)
    __fsym_mkdir_name                        0x080189a9   Data           6  dfs_posix.o(.rodata.name)
    __fsym_mkdir_desc                        0x080189af   Data          19  dfs_posix.o(.rodata.name)
    __fsym_hello_name                        0x080189c2   Data           6  cmd.o(.rodata.name)
    __fsym_hello_desc                        0x080189c8   Data          16  cmd.o(.rodata.name)
    __fsym_version_name                      0x080189d8   Data           8  cmd.o(.rodata.name)
    __fsym_version_desc                      0x080189e0   Data          35  cmd.o(.rodata.name)
    __fsym_list_thread_name                  0x08018a03   Data          12  cmd.o(.rodata.name)
    __fsym_list_thread_desc                  0x08018a0f   Data          12  cmd.o(.rodata.name)
    __fsym_list_sem_name                     0x08018a1b   Data           9  cmd.o(.rodata.name)
    __fsym_list_sem_desc                     0x08018a24   Data          25  cmd.o(.rodata.name)
    __fsym_list_event_name                   0x08018a3d   Data          11  cmd.o(.rodata.name)
    __fsym_list_event_desc                   0x08018a48   Data          21  cmd.o(.rodata.name)
    __fsym_list_mutex_name                   0x08018a5d   Data          11  cmd.o(.rodata.name)
    __fsym_list_mutex_desc                   0x08018a68   Data          21  cmd.o(.rodata.name)
    __fsym_list_mailbox_name                 0x08018a7d   Data          13  cmd.o(.rodata.name)
    __fsym_list_mailbox_desc                 0x08018a8a   Data          24  cmd.o(.rodata.name)
    __fsym_list_msgqueue_name                0x08018aa2   Data          14  cmd.o(.rodata.name)
    __fsym_list_msgqueue_desc                0x08018ab0   Data          29  cmd.o(.rodata.name)
    __fsym_list_mempool_name                 0x08018acd   Data          13  cmd.o(.rodata.name)
    __fsym_list_mempool_desc                 0x08018ada   Data          27  cmd.o(.rodata.name)
    __fsym_list_timer_name                   0x08018af5   Data          11  cmd.o(.rodata.name)
    __fsym_list_timer_desc                   0x08018b00   Data          21  cmd.o(.rodata.name)
    __fsym_list_device_name                  0x08018b15   Data          12  cmd.o(.rodata.name)
    __fsym_list_device_desc                  0x08018b21   Data          22  cmd.o(.rodata.name)
    __fsym_list_name                         0x08018b37   Data           5  cmd.o(.rodata.name)
    __fsym_list_desc                         0x08018b3c   Data          26  cmd.o(.rodata.name)
    __vsym_dummy_name                        0x08018b56   Data           6  cmd.o(.rodata.name)
    __vsym_dummy_desc                        0x08018b5c   Data          25  cmd.o(.rodata.name)
    __rt_init_rti_start                      0x08018b78   Data           4  components.o(.rti_fn.0)
    __rt_init_rti_board_start                0x08018b7c   Data           4  components.o(.rti_fn.0.end)
    __rt_init_hw_usart_init                  0x08018b80   Data           4  drv_usart.o(.rti_fn.1)
    __rt_init_rti_board_end                  0x08018b84   Data           4  components.o(.rti_fn.1.end)
    __rt_init_dfs_init                       0x08018b88   Data           4  dfs.o(.rti_fn.3)
    __rt_init_finsh_system_init              0x08018b8c   Data           4  shell.o(.rti_fn.3)
    __rt_init_elm_init                       0x08018b90   Data           4  dfs_elm.o(.rti_fn.4)
    __rt_init_rti_end                        0x08018b94   Data           4  components.o(.rti_fn.6.end)
    FSymTab$$Base                            0x08018b98   Number         0  mem.o(FSymTab)
    __fsym_list_mem                          0x08018b98   Data          12  mem.o(FSymTab)
    __fsym_ls                                0x08018ba4   Data          12  dfs_file.o(FSymTab)
    __fsym_rm                                0x08018bb0   Data          12  dfs_file.o(FSymTab)
    __fsym_cat                               0x08018bbc   Data          12  dfs_file.o(FSymTab)
    __fsym_copy                              0x08018bc8   Data          12  dfs_file.o(FSymTab)
    __fsym_mkfs                              0x08018bd4   Data          12  dfs_fs.o(FSymTab)
    __fsym_df                                0x08018be0   Data          12  dfs_fs.o(FSymTab)
    __fsym_mkdir                             0x08018bec   Data          12  dfs_posix.o(FSymTab)
    __fsym_hello                             0x08018bf8   Data          12  cmd.o(FSymTab)
    __fsym_version                           0x08018c04   Data          12  cmd.o(FSymTab)
    __fsym_list_thread                       0x08018c10   Data          12  cmd.o(FSymTab)
    __fsym_list_sem                          0x08018c1c   Data          12  cmd.o(FSymTab)
    __fsym_list_event                        0x08018c28   Data          12  cmd.o(FSymTab)
    __fsym_list_mutex                        0x08018c34   Data          12  cmd.o(FSymTab)
    __fsym_list_mailbox                      0x08018c40   Data          12  cmd.o(FSymTab)
    __fsym_list_msgqueue                     0x08018c4c   Data          12  cmd.o(FSymTab)
    __fsym_list_mempool                      0x08018c58   Data          12  cmd.o(FSymTab)
    __fsym_list_timer                        0x08018c64   Data          12  cmd.o(FSymTab)
    __fsym_list_device                       0x08018c70   Data          12  cmd.o(FSymTab)
    __fsym_list                              0x08018c7c   Data          12  cmd.o(FSymTab)
    FSymTab$$Limit                           0x08018c88   Number         0  cmd.o(FSymTab)
    Region$$Table$$Base                      0x08018c88   Number         0  anon$$obj.o(Region$$Table)
    Region$$Table$$Limit                     0x08018ca8   Number         0  anon$$obj.o(Region$$Table)
    VSymTab$$Base                            0x08018ca8   Number         0  cmd.o(VSymTab)
    __vsym_dummy                             0x08018ca8   Data          16  cmd.o(VSymTab)
    VSymTab$$Limit                           0x08018cb8   Number         0  cmd.o(VSymTab)
    __ctype                                  0x08018cc5   Data           0  lc_ctype_c.o(locale$$data)
    SystemCoreClock                          0x20000018   Data           4  system_stm32f4xx.o(.data)
    rt_interrupt_nest                        0x20000028   Data           1  irq.o(.data)
    rt_assert_hook                           0x20000034   Data           4  kservice.o(.data)
    rt_object_container                      0x20000058   Data         144  object.o(.data)
    rt_object_trytake_hook                   0x200000f0   Data           4  object.o(.data)
    rt_object_take_hook                      0x200000f4   Data           4  object.o(.data)
    rt_object_put_hook                       0x200000f8   Data           4  object.o(.data)
    rt_current_thread                        0x20000100   Data           4  scheduler.o(.data)
    rt_current_priority                      0x20000104   Data           1  scheduler.o(.data)
    rt_thread_ready_priority_group           0x20000108   Data           4  scheduler.o(.data)
    rt_thread_defunct                        0x2000010c   Data           8  scheduler.o(.data)
    rt_interrupt_from_thread                 0x20000128   Data           4  cpuport.o(.data)
    rt_interrupt_to_thread                   0x2000012c   Data           4  cpuport.o(.data)
    rt_thread_switch_interrupt_flag          0x20000130   Data           4  cpuport.o(.data)
    shell                                    0x2000014c   Data           4  shell.o(.data)
    _syscall_table_begin                     0x20000150   Data           4  symbol.o(.data)
    _syscall_table_end                       0x20000154   Data           4  symbol.o(.data)
    _sysvar_table_begin                      0x20000158   Data           4  symbol.o(.data)
    _sysvar_table_end                        0x2000015c   Data           4  symbol.o(.data)
    finsh_compile_sp                         0x20000164   Data           4  finsh_compiler.o(.data)
    finsh_compile_pc                         0x20000168   Data           4  finsh_compiler.o(.data)
    global_errno                             0x2000016c   Data           1  finsh_error.o(.data)
    global_sysvar_list                       0x200001b4   Data           4  finsh_var.o(.data)
    finsh_sp                                 0x200001b8   Data           4  finsh_vm.o(.data)
    finsh_pc                                 0x200001bc   Data           4  finsh_vm.o(.data)
    global_syscall_list                      0x200001c0   Data           4  finsh_vm.o(.data)
    serial1                                  0x20000208   Data          84  drv_usart.o(.bss)
    rt_thread_priority_table                 0x200008d8   Data         256  scheduler.o(.bss)
    filesystem_operation_table               0x200009d8   Data          16  dfs.o(.bss)
    filesystem_table                         0x200009e8   Data          32  dfs.o(.bss)
    fd_table                                 0x20000a2c   Data         128  dfs.o(.bss)
    finsh_heap                               0x2000151c   Data         128  finsh_heap.o(.bss)
    global_node_table                        0x2000159c   Data         320  finsh_node.o(.bss)
    global_variable                          0x200016dc   Data         192  finsh_var.o(.bss)
    finsh_vm_stack                           0x2000179c   Data         256  finsh_vm.o(.bss)
    text_segment                             0x2000189c   Data         128  finsh_vm.o(.bss)
    __libspace_start                         0x2000191c   Data          96  libspace.o(.bss)
    __temporary_stack_top$libspace           0x2000197c   Data           0  libspace.o(.bss)
    Image$$RW_IRAM1$$ZI$$Limit               0x20002580   Number         0  anon$$obj.o ABSOLUTE



==============================================================================

Memory Map of the image

  Image Entry point : 0x08000189

  Load Region LR_IROM1 (Base: 0x08000000, Size: 0x00018f8c, Max: 0x00100000, ABSOLUTE, COMPRESSED[0x00018e58])

    Execution Region ER_IROM1 (Base: 0x08000000, Size: 0x00018dc8, Max: 0x00100000, ABSOLUTE)

    Base Addr    Size         Type   Attr      Idx    E Section Name        Object

    0x08000000   0x00000188   Data   RO          361    RESET               startup_stm32f407xx.o
    0x08000188   0x00000008   Code   RO         2608  * !!!main             c_w.l(__main.o)
    0x08000190   0x00000034   Code   RO         2789    !!!scatter          c_w.l(__scatter.o)
    0x080001c4   0x0000005a   Code   RO         2787    !!dczerorl2         c_w.l(__dczerorl2.o)
    0x0800021e   0x00000002   PAD
    0x08000220   0x0000001c   Code   RO         2791    !!handler_zi        c_w.l(__scatter_zi.o)
    0x0800023c   0x00000002   Code   RO         2660    .ARM.Collect$$libinit$$00000000  c_w.l(libinit.o)
    0x0800023e   0x00000004   Code   RO         2663    .ARM.Collect$$libinit$$00000001  c_w.l(libinit2.o)
    0x08000242   0x00000000   Code   RO         2666    .ARM.Collect$$libinit$$00000004  c_w.l(libinit2.o)
    0x08000242   0x00000000   Code   RO         2669    .ARM.Collect$$libinit$$0000000A  c_w.l(libinit2.o)
    0x08000242   0x00000000   Code   RO         2671    .ARM.Collect$$libinit$$0000000C  c_w.l(libinit2.o)
    0x08000242   0x00000000   Code   RO         2673    .ARM.Collect$$libinit$$0000000E  c_w.l(libinit2.o)
    0x08000242   0x00000006   Code   RO         2674    .ARM.Collect$$libinit$$0000000F  c_w.l(libinit2.o)
    0x08000248   0x00000000   Code   RO         2676    .ARM.Collect$$libinit$$00000011  c_w.l(libinit2.o)
    0x08000248   0x0000000c   Code   RO         2677    .ARM.Collect$$libinit$$00000012  c_w.l(libinit2.o)
    0x08000254   0x00000000   Code   RO         2678    .ARM.Collect$$libinit$$00000013  c_w.l(libinit2.o)
    0x08000254   0x00000000   Code   RO         2680    .ARM.Collect$$libinit$$00000015  c_w.l(libinit2.o)
    0x08000254   0x00000000   Code   RO         2682    .ARM.Collect$$libinit$$00000017  c_w.l(libinit2.o)
    0x08000254   0x00000000   Code   RO         2684    .ARM.Collect$$libinit$$00000019  c_w.l(libinit2.o)
    0x08000254   0x00000000   Code   RO         2686    .ARM.Collect$$libinit$$0000001B  c_w.l(libinit2.o)
    0x08000254   0x00000000   Code   RO         2688    .ARM.Collect$$libinit$$0000001D  c_w.l(libinit2.o)
    0x08000254   0x00000000   Code   RO         2690    .ARM.Collect$$libinit$$0000001F  c_w.l(libinit2.o)
    0x08000254   0x00000000   Code   RO         2692    .ARM.Collect$$libinit$$00000021  c_w.l(libinit2.o)
    0x08000254   0x00000000   Code   RO         2694    .ARM.Collect$$libinit$$00000023  c_w.l(libinit2.o)
    0x08000254   0x00000000   Code   RO         2696    .ARM.Collect$$libinit$$00000025  c_w.l(libinit2.o)
    0x08000254   0x00000000   Code   RO         2700    .ARM.Collect$$libinit$$0000002C  c_w.l(libinit2.o)
    0x08000254   0x00000000   Code   RO         2702    .ARM.Collect$$libinit$$0000002E  c_w.l(libinit2.o)
    0x08000254   0x00000000   Code   RO         2704    .ARM.Collect$$libinit$$00000030  c_w.l(libinit2.o)
    0x08000254   0x00000000   Code   RO         2706    .ARM.Collect$$libinit$$00000032  c_w.l(libinit2.o)
    0x08000254   0x00000002   Code   RO         2707    .ARM.Collect$$libinit$$00000033  c_w.l(libinit2.o)
    0x08000256   0x00000002   Code   RO         2727    .ARM.Collect$$libshutdown$$00000000  c_w.l(libshutdown.o)
    0x08000258   0x00000000   Code   RO         2740    .ARM.Collect$$libshutdown$$00000002  c_w.l(libshutdown2.o)
    0x08000258   0x00000000   Code   RO         2742    .ARM.Collect$$libshutdown$$00000004  c_w.l(libshutdown2.o)
    0x08000258   0x00000000   Code   RO         2745    .ARM.Collect$$libshutdown$$00000007  c_w.l(libshutdown2.o)
    0x08000258   0x00000000   Code   RO         2748    .ARM.Collect$$libshutdown$$0000000A  c_w.l(libshutdown2.o)
    0x08000258   0x00000000   Code   RO         2750    .ARM.Collect$$libshutdown$$0000000C  c_w.l(libshutdown2.o)
    0x08000258   0x00000000   Code   RO         2753    .ARM.Collect$$libshutdown$$0000000F  c_w.l(libshutdown2.o)
    0x08000258   0x00000002   Code   RO         2754    .ARM.Collect$$libshutdown$$00000010  c_w.l(libshutdown2.o)
    0x0800025a   0x00000000   Code   RO         2610    .ARM.Collect$$rtentry$$00000000  c_w.l(__rtentry.o)
    0x0800025a   0x00000000   Code   RO         2623    .ARM.Collect$$rtentry$$00000002  c_w.l(__rtentry2.o)
    0x0800025a   0x00000006   Code   RO         2635    .ARM.Collect$$rtentry$$00000004  c_w.l(__rtentry4.o)
    0x08000260   0x00000000   Code   RO         2625    .ARM.Collect$$rtentry$$00000009  c_w.l(__rtentry2.o)
    0x08000260   0x00000004   Code   RO         2626    .ARM.Collect$$rtentry$$0000000A  c_w.l(__rtentry2.o)
    0x08000264   0x00000000   Code   RO         2628    .ARM.Collect$$rtentry$$0000000C  c_w.l(__rtentry2.o)
    0x08000264   0x00000008   Code   RO         2629    .ARM.Collect$$rtentry$$0000000D  c_w.l(__rtentry2.o)
    0x0800026c   0x00000002   Code   RO         2661    .ARM.Collect$$rtexit$$00000000  c_w.l(rtexit.o)
    0x0800026e   0x00000000   Code   RO         2709    .ARM.Collect$$rtexit$$00000002  c_w.l(rtexit2.o)
    0x0800026e   0x00000004   Code   RO         2710    .ARM.Collect$$rtexit$$00000003  c_w.l(rtexit2.o)
    0x08000272   0x00000006   Code   RO         2711    .ARM.Collect$$rtexit$$00000004  c_w.l(rtexit2.o)
    0x08000278   0x00000004   Code   RO            1    .text               main.o
    0x0800027c   0x00000160   Code   RO           40    .text               board.o
    0x080003dc   0x00000010   Code   RO          162    .text               stm32f4xx_it.o
    0x080003ec   0x0000051c   Code   RO          186    .text               drv_usart.o
    0x08000908   0x000001a4   Code   RO          234    .text               platform.o
    0x08000aac   0x0000004c   Code   RO          270    .text               stm32f4xx_hal_msp.o
    0x08000af8   0x000002dc   Code   RO          298    .text               drv_stm32f40x_spi.o
    0x08000dd4   0x00000120   Code   RO          331    .text               system_stm32f4xx.o
    0x08000ef4   0x00000040   Code   RO          362    .text               startup_stm32f407xx.o
    0x08000f34   0x000001a0   Code   RO          369    .text               stm32f4xx_hal.o
    0x080010d4   0x0000031c   Code   RO          467    .text               stm32f4xx_hal_cortex.o
    0x080013f0   0x00000618   Code   RO          621    .text               stm32f4xx_hal_dma.o
    0x08001a08   0x000003c4   Code   RO          830    .text               stm32f4xx_hal_gpio.o
    0x08001dcc   0x00000008   Code   RO         1070    .text               stm32f4xx_hal_msp_template.o
    0x08001dd4   0x00000a3c   Code   RO         1250    .text               stm32f4xx_hal_rcc.o
    0x08002810   0x00001598   Code   RO         1463    .text               stm32f4xx_hal_spi.o
    0x08003da8   0x00000f4e   Code   RO         1541    .text               stm32f4xx_hal_uart.o
    0x08004cf6   0x00000002   PAD
    0x08004cf8   0x00000064   Code   RO         1676    .text               clock.o
    0x08004d5c   0x000001e0   Code   RO         1690    .text               components.o
    0x08004f3c   0x00000324   Code   RO         1722    .text               device.o
    0x08005260   0x00000134   Code   RO         1736    .text               idle.o
    0x08005394   0x00001654   Code   RO         1756    .text               ipc.o
    0x080069e8   0x00000048   Code   RO         1773    .text               irq.o
    0x08006a30   0x00000a4c   Code   RO         1788    .text               kservice.o
    0x0800747c   0x00000874   Code   RO         1808    .text               mem.o
    0x08007cf0   0x000002dc   Code   RO         1856    .text               object.o
    0x08007fcc   0x000002e0   Code   RO         1875    .text               scheduler.o
    0x080082ac   0x0000059c   Code   RO         1896    .text               thread.o
    0x08008848   0x0000045c   Code   RO         1913    .text               timer.o
    0x08008ca4   0x00000190   Code   RO         1932    .text               cpuport.o
    0x08008e34   0x0000010c   Code   RO         1948    .text               context_rvds.o
    0x08008f40   0x000003a8   Code   RO         1986    .text               dfs.o
    0x080092e8   0x000009b4   Code   RO         2023    .text               dfs_file.o
    0x08009c9c   0x000005f0   Code   RO         2043    .text               dfs_fs.o
    0x0800a28c   0x000005e8   Code   RO         2063    .text               dfs_posix.o
    0x0800a874   0x00000a04   Code   RO         2082    .text               dfs_elm.o
    0x0800b278   0x00002314   Code   RO         2115    .text               ff.o
    0x0800d58c   0x00002fe4   Code   RO         2133    .text               spi_msd.o
    0x08010570   0x00000884   Code   RO         2159    .text               serial.o
    0x08010df4   0x00000608   Code   RO         2172    .text               spi_core.o
    0x080113fc   0x0000020c   Code   RO         2185    .text               spi_dev.o
    0x08011608   0x0000063c   Code   RO         2198    .text               spi_flash_w25qxx.o
    0x08011c44   0x000001c8   Code   RO         2219    .text               completion.o
    0x08011e0c   0x00000414   Code   RO         2235    .text               dataqueue.o
    0x08012220   0x000009e4   Code   RO         2321    .text               shell.o
    0x08012c04   0x00000bc4   Code   RO         2356    .text               cmd.o
    0x080137c8   0x00001818   Code   RO         2380    .text               finsh_compiler.o
    0x08014fe0   0x0000002c   Code   RO         2417    .text               finsh_error.o
    0x0801500c   0x00000210   Code   RO         2433    .text               finsh_heap.o
    0x0801521c   0x00000058   Code   RO         2449    .text               finsh_init.o
    0x08015274   0x00000184   Code   RO         2467    .text               finsh_node.o
    0x080153f8   0x00000adc   Code   RO         2482    .text               finsh_ops.o
    0x08015ed4   0x0000097c   Code   RO         2500    .text               finsh_parser.o
    0x08016850   0x0000019c   Code   RO         2515    .text               finsh_var.o
    0x080169ec   0x000000e4   Code   RO         2538    .text               finsh_vm.o
    0x08016ad0   0x00000680   Code   RO         2565    .text               finsh_token.o
    0x08017150   0x0000001a   Code   RO         2582    .text               c_w.l(atoi.o)
    0x0801716a   0x00000016   Code   RO         2584    .text               c_w.l(strrchr.o)
    0x08017180   0x0000003e   Code   RO         2586    .text               c_w.l(strlen.o)
    0x080171be   0x00000096   Code   RO         2588    .text               c_w.l(strncmp.o)
    0x08017254   0x0000008a   Code   RO         2590    .text               c_w.l(rt_memcpy_v6.o)
    0x080172de   0x00000064   Code   RO         2592    .text               c_w.l(rt_memcpy_w.o)
    0x08017342   0x00000010   Code   RO         2594    .text               c_w.l(aeabi_memset.o)
    0x08017352   0x00000044   Code   RO         2596    .text               c_w.l(rt_memclr.o)
    0x08017396   0x0000004e   Code   RO         2598    .text               c_w.l(rt_memclr_w.o)
    0x080173e4   0x00000056   Code   RO         2600    .text               c_w.l(strncpy.o)
    0x0801743a   0x00000002   PAD
    0x0801743c   0x00000080   Code   RO         2602    .text               c_w.l(strcmpv7m.o)
    0x080174bc   0x000001a8   Code   RO         2604    .text               c_w.l(mktime.o)
    0x08017664   0x00000006   Code   RO         2606    .text               c_w.l(heapauxi.o)
    0x0801766a   0x00000002   PAD
    0x0801766c   0x00000008   Code   RO         2614    .text               c_w.l(rt_errno_addr_intlibspace.o)
    0x08017674   0x00000070   Code   RO         2616    .text               c_w.l(strtol.o)
    0x080176e4   0x00000008   Code   RO         2619    .text               c_w.l(libspace.o)
    0x080176ec   0x00000010   Code   RO         2637    .text               c_w.l(rt_ctype_table.o)
    0x080176fc   0x0000009e   Code   RO         2639    .text               c_w.l(_strtoul.o)
    0x0801779a   0x0000004a   Code   RO         2641    .text               c_w.l(sys_stackheap_outer.o)
    0x080177e4   0x00000008   Code   RO         2646    .text               c_w.l(rt_locale_intlibspace.o)
    0x080177ec   0x0000001c   Code   RO         2648    .text               c_w.l(_chval.o)
    0x08017808   0x00000012   Code   RO         2653    .text               c_w.l(exit.o)
    0x0801781a   0x00000002   PAD
    0x0801781c   0x0000000c   Code   RO         2719    .text               c_w.l(sys_exit.o)
    0x08017828   0x00000002   Code   RO         2730    .text               c_w.l(use_no_semi.o)
    0x0801782a   0x00000000   Code   RO         2732    .text               c_w.l(indicate_semi.o)
    0x0801782a   0x00000002   PAD
    0x0801782c   0x0000002c   Code   RO         2651    locale$$code        c_w.l(lc_ctype_c.o)
    0x08017858   0x0000000a   Code   RO         2717    x$fpl$fpinit        fz_wm.l(fpinit.o)
    0x08017862   0x00000002   PAD
    0x08017864   0x00000048   Data   RO          188    .constdata          drv_usart.o
    0x080178ac   0x00000010   Data   RO          332    .constdata          system_stm32f4xx.o
    0x080178bc   0x00000008   Data   RO          622    .constdata          stm32f4xx_hal_dma.o
    0x080178c4   0x00000010   Data   RO         1251    .constdata          stm32f4xx_hal_rcc.o
    0x080178d4   0x00000014   Data   RO         1691    .constdata          components.o
    0x080178e8   0x000000a8   Data   RO         1723    .constdata          device.o
    0x08017990   0x00000016   Data   RO         1738    .constdata          idle.o
    0x080179a6   0x000001d7   Data   RO         1757    .constdata          ipc.o
    0x08017b7d   0x00000122   Data   RO         1790    .constdata          kservice.o
    0x08017c9f   0x00000046   Data   RO         1810    .constdata          mem.o
    0x08017ce5   0x0000005e   Data   RO         1857    .constdata          object.o
    0x08017d43   0x0000004e   Data   RO         1877    .constdata          scheduler.o
    0x08017d91   0x000000aa   Data   RO         1897    .constdata          thread.o
    0x08017e3b   0x0000005c   Data   RO         1914    .constdata          timer.o
    0x08017e97   0x00000013   Data   RO         1933    .constdata          cpuport.o
    0x08017eaa   0x00000023   Data   RO         1988    .constdata          dfs.o
    0x08017ecd   0x00000033   Data   RO         2044    .constdata          dfs_fs.o
    0x08017f00   0x000000b9   Data   RO         2083    .constdata          dfs_elm.o
    0x08017fb9   0x00000001   PAD
    0x08017fba   0x0000002c   Data   RO         2116    .constdata          ff.o
    0x08017fe6   0x0000000f   Data   RO         2135    .constdata          spi_msd.o
    0x08017ff5   0x000000d3   Data   RO         2160    .constdata          serial.o
    0x080180c8   0x000000a3   Data   RO         2173    .constdata          spi_core.o
    0x0801816b   0x00000081   Data   RO         2186    .constdata          spi_dev.o
    0x080181ec   0x00000027   Data   RO         2200    .constdata          spi_flash_w25qxx.o
    0x08018213   0x00000039   Data   RO         2220    .constdata          completion.o
    0x0801824c   0x0000004b   Data   RO         2236    .constdata          dataqueue.o
    0x08018297   0x00000060   Data   RO         2323    .constdata          shell.o
    0x080182f7   0x00000001   PAD
    0x080182f8   0x00000050   Data   RO         2357    .constdata          cmd.o
    0x08018348   0x000000c4   Data   RO         2483    .constdata          finsh_ops.o
    0x0801840c   0x00000040   Data   RO         2566    .constdata          finsh_token.o
    0x0801844c   0x0000000c   Data   RO         2618    .constdata          c_w.l(_monlen.o)
    0x08018458   0x000000ed   Data   RO         1811    .conststring        mem.o
    0x08018545   0x00000003   PAD
    0x08018548   0x00000048   Data   RO         2084    .conststring        dfs_elm.o
    0x08018590   0x00000088   Data   RO         2136    .conststring        spi_msd.o
    0x08018618   0x000001ad   Data   RO         2358    .conststring        cmd.o
    0x080187c5   0x00000003   PAD
    0x080187c8   0x000000f3   Data   RO         2418    .conststring        finsh_error.o
    0x080188bb   0x00000001   PAD
    0x080188bc   0x0000003e   Data   RO         2567    .conststring        finsh_token.o
    0x080188fa   0x00000027   Data   RO         1813    .rodata.name        mem.o
    0x08018921   0x0000005f   Data   RO         2025    .rodata.name        dfs_file.o
    0x08018980   0x00000029   Data   RO         2045    .rodata.name        dfs_fs.o
    0x080189a9   0x00000019   Data   RO         2064    .rodata.name        dfs_posix.o
    0x080189c2   0x000001b3   Data   RO         2360    .rodata.name        cmd.o
    0x08018b75   0x00000003   PAD
    0x08018b78   0x00000004   Data   RO         1692    .rti_fn.0           components.o
    0x08018b7c   0x00000004   Data   RO         1693    .rti_fn.0.end       components.o
    0x08018b80   0x00000004   Data   RO          189    .rti_fn.1           drv_usart.o
    0x08018b84   0x00000004   Data   RO         1694    .rti_fn.1.end       components.o
    0x08018b88   0x00000004   Data   RO         1989    .rti_fn.3           dfs.o
    0x08018b8c   0x00000004   Data   RO         2325    .rti_fn.3           shell.o
    0x08018b90   0x00000004   Data   RO         2086    .rti_fn.4           dfs_elm.o
    0x08018b94   0x00000004   Data   RO         1695    .rti_fn.6.end       components.o
    0x08018b98   0x0000000c   Data   RO         1814    FSymTab             mem.o
    0x08018ba4   0x00000030   Data   RO         2026    FSymTab             dfs_file.o
    0x08018bd4   0x00000018   Data   RO         2046    FSymTab             dfs_fs.o
    0x08018bec   0x0000000c   Data   RO         2065    FSymTab             dfs_posix.o
    0x08018bf8   0x00000090   Data   RO         2361    FSymTab             cmd.o
    0x08018c88   0x00000020   Data   RO         2785    Region$$Table       anon$$obj.o
    0x08018ca8   0x00000010   Data   RO         2362    VSymTab             cmd.o
    0x08018cb8   0x00000110   Data   RO         2650    locale$$data        c_w.l(lc_ctype_c.o)


    Execution Region RW_IRAM1 (Base: 0x20000000, Size: 0x00002580, Max: 0x00020000, ABSOLUTE, COMPRESSED[0x00000090])

    Base Addr    Size         Type   Attr      Idx    E Section Name        Object

    0x20000000   0x00000010   Data   RW          236    .data               platform.o
    0x20000010   0x00000008   Data   RW          299    .data               drv_stm32f40x_spi.o
    0x20000018   0x00000004   Data   RW          333    .data               system_stm32f4xx.o
    0x2000001c   0x00000004   Data   RW          370    .data               stm32f4xx_hal.o
    0x20000020   0x00000004   Data   RW         1677    .data               clock.o
    0x20000024   0x00000004   Data   RW         1739    .data               idle.o
    0x20000028   0x00000001   Data   RW         1774    .data               irq.o
    0x20000029   0x00000003   PAD
    0x2000002c   0x0000000c   Data   RW         1791    .data               kservice.o
    0x20000038   0x00000020   Data   RW         1812    .data               mem.o
    0x20000058   0x000000a4   Data   RW         1858    .data               object.o
    0x200000fc   0x0000001c   Data   RW         1878    .data               scheduler.o
    0x20000118   0x00000010   Data   RW         1915    .data               timer.o
    0x20000128   0x00000010   Data   RW         1934    .data               cpuport.o
    0x20000138   0x00000008   Data   RW         2085    .data               dfs_elm.o
    0x20000140   0x0000000a   Data   RW         2117    .data               ff.o
    0x2000014a   0x00000002   PAD
    0x2000014c   0x00000004   Data   RW         2324    .data               shell.o
    0x20000150   0x00000010   Data   RW         2343    .data               symbol.o
    0x20000160   0x00000004   Data   RW         2359    .data               cmd.o
    0x20000164   0x00000008   Data   RW         2381    .data               finsh_compiler.o
    0x2000016c   0x00000040   Data   RW         2419    .data               finsh_error.o
    0x200001ac   0x00000008   Data   RW         2435    .data               finsh_heap.o
    0x200001b4   0x00000004   Data   RW         2517    .data               finsh_var.o
    0x200001b8   0x0000000c   Data   RW         2540    .data               finsh_vm.o
    0x200001c4   0x00000098   Zero   RW          187    .bss                drv_usart.o
    0x2000025c   0x0000015c   Zero   RW          235    .bss                platform.o
    0x200003b8   0x00000480   Zero   RW         1737    .bss                idle.o
    0x20000838   0x00000080   Zero   RW         1789    .bss                kservice.o
    0x200008b8   0x00000020   Zero   RW         1809    .bss                mem.o
    0x200008d8   0x00000100   Zero   RW         1876    .bss                scheduler.o
    0x200009d8   0x000000d4   Zero   RW         1987    .bss                dfs.o
    0x20000aac   0x00000124   Zero   RW         2024    .bss                dfs_file.o
    0x20000bd0   0x00000058   Zero   RW         2134    .bss                spi_msd.o
    0x20000c28   0x00000074   Zero   RW         2199    .bss                spi_flash_w25qxx.o
    0x20000c9c   0x00000880   Zero   RW         2322    .bss                shell.o
    0x2000151c   0x00000080   Zero   RW         2434    .bss                finsh_heap.o
    0x2000159c   0x00000140   Zero   RW         2468    .bss                finsh_node.o
    0x200016dc   0x000000c0   Zero   RW         2516    .bss                finsh_var.o
    0x2000179c   0x00000180   Zero   RW         2539    .bss                finsh_vm.o
    0x2000191c   0x00000060   Zero   RW         2620    .bss                c_w.l(libspace.o)
    0x2000197c   0x00000004   PAD
    0x20001980   0x00000800   Zero   RW          360    HEAP                startup_stm32f407xx.o
    0x20002180   0x00000400   Zero   RW          359    STACK               startup_stm32f407xx.o


==============================================================================

Image component sizes


      Code (inc. data)   RO Data    RW Data    ZI Data      Debug   Object Name

       352         24          0          0          0     351508   board.o
       100          6          0          4          0       1608   clock.o
      3012       1244       1104          4          0      10527   cmd.o
       456        124         57          0          0       2895   completion.o
       480        228         36          0          0       7330   components.o
       268         24          0          0          0        812   context_rvds.o
       400        188         19         16          0       3751   cpuport.o
      1044        114         75          0          0       6333   dataqueue.o
       804        132        168          0          0       4941   device.o
       936        130         39          0        212       8999   dfs.o
      2564        220        261          8          0      16570   dfs_elm.o
      2484        356        143          0        292       9135   dfs_file.o
      1520        264        116          0          0       5864   dfs_fs.o
      1512         50         37          0          0       9875   dfs_posix.o
       732         28          0          8          0       4713   drv_stm32f40x_spi.o
      1308        138         76          0        152      38211   drv_usart.o
      8980        138         44         10          0      25017   ff.o
      6168        154          0          8          0      10934   finsh_compiler.o
        44         10        243         64          0       1721   finsh_error.o
       528         18          0          8        128       3447   finsh_heap.o
        88          6          0          0          0       1676   finsh_init.o
       388          4          0          0        320       3472   finsh_node.o
      2780         36        196          0          0       8872   finsh_ops.o
      2428         32          0          0          0       9793   finsh_parser.o
      1664         16        126          0          0       6272   finsh_token.o
       412         18          0          4        192       7445   finsh_var.o
       228         34          0         12        384       7062   finsh_vm.o
       308         74         22          4       1152       2899   idle.o
      5716        422        471          0          0      20147   ipc.o
        72          6          0          1          0       1406   irq.o
      2636        230        290         12        128      11988   kservice.o
         4          0          0          0          0      11039   main.o
      2164        560        358         32         32       9642   mem.o
       732        150         94        164          0       5792   object.o
       420         76          0         16        348       4519   platform.o
       736        150         78         28        256       4753   scheduler.o
      2180        314        211          0          0       7889   serial.o
      2532        276        100          4       2176       6119   shell.o
      1544        114        163          0          0       5806   spi_core.o
       524        148        129          0          0       3479   spi_dev.o
      1596        472         39          0        116       8384   spi_flash_w25qxx.o
     12260       2848        151          0         88      15671   spi_msd.o
        64         26        392          0       3072        852   startup_stm32f407xx.o
       416         26          0          4          0       4814   stm32f4xx_hal.o
       796         20          0          0          0      32199   stm32f4xx_hal_cortex.o
      1560         16          8          0          0       5112   stm32f4xx_hal_dma.o
       964         50          0          0          0       3747   stm32f4xx_hal_gpio.o
        76         20          0          0          0       1128   stm32f4xx_hal_msp.o
         8          0          0          0          0        818   stm32f4xx_hal_msp_template.o
      2620         64         16          0          0       5666   stm32f4xx_hal_rcc.o
      5528         54          0          0          0      13748   stm32f4xx_hal_spi.o
      3918         28          0          0          0      12779   stm32f4xx_hal_uart.o
        16          0          0          0          0        856   stm32f4xx_it.o
         0          0          0         16          0       4321   symbol.o
       288         32         16          4          0       1747   system_stm32f4xx.o
      1436        208        170          0          0       7593   thread.o
      1116        100         92         16          0       6911   timer.o

    ----------------------------------------------------------------------
     93912      10220       5584        452       9048     790607   Object Totals
         0          0         32          0          0          0   (incl. Generated)
         2          0         12          5          0          0   (incl. Padding)

    ----------------------------------------------------------------------

      Code (inc. data)   RO Data    RW Data    ZI Data      Debug   Library Member Name

        90          0          0          0          0          0   __dczerorl2.o
         8          0          0          0          0         68   __main.o
         0          0          0          0          0          0   __rtentry.o
        12          0          0          0          0          0   __rtentry2.o
         6          0          0          0          0          0   __rtentry4.o
        52          8          0          0          0          0   __scatter.o
        28          0          0          0          0          0   __scatter_zi.o
        28          0          0          0          0         68   _chval.o
         0          0         12          0          0          0   _monlen.o
       158          0          0          0          0         92   _strtoul.o
        16          0          0          0          0         68   aeabi_memset.o
        26          0          0          0          0         80   atoi.o
        18          0          0          0          0         80   exit.o
         6          0          0          0          0        152   heapauxi.o
         0          0          0          0          0          0   indicate_semi.o
        44         10        272          0          0         76   lc_ctype_c.o
         2          0          0          0          0          0   libinit.o
        24          0          0          0          0          0   libinit2.o
         2          0          0          0          0          0   libshutdown.o
         2          0          0          0          0          0   libshutdown2.o
         8          4          0          0         96         68   libspace.o
       424         10          0          0          0        124   mktime.o
        16          4          0          0          0         76   rt_ctype_table.o
         8          4          0          0          0         68   rt_errno_addr_intlibspace.o
         8          4          0          0          0         68   rt_locale_intlibspace.o
        68          0          0          0          0         68   rt_memclr.o
        78          0          0          0          0         80   rt_memclr_w.o
       138          0          0          0          0         68   rt_memcpy_v6.o
       100          0          0          0          0         80   rt_memcpy_w.o
         2          0          0          0          0          0   rtexit.o
        10          0          0          0          0          0   rtexit2.o
       128          0          0          0          0         68   strcmpv7m.o
        62          0          0          0          0         76   strlen.o
       150          0          0          0          0         80   strncmp.o
        86          0          0          0          0         76   strncpy.o
        22          0          0          0          0         68   strrchr.o
       112          0          0          0          0         88   strtol.o
        12          4          0          0          0         68   sys_exit.o
        74          0          0          0          0         80   sys_stackheap_outer.o
         2          0          0          0          0         68   use_no_semi.o
        10          0          0          0          0        116   fpinit.o

    ----------------------------------------------------------------------
      2052         48        284          0        100       2172   Library Totals
        12          0          0          0          4          0   (incl. Padding)

    ----------------------------------------------------------------------

      Code (inc. data)   RO Data    RW Data    ZI Data      Debug   Library Name

      2030         48        284          0         96       2056   c_w.l
        10          0          0          0          0        116   fz_wm.l

    ----------------------------------------------------------------------
      2052         48        284          0        100       2172   Library Totals

    ----------------------------------------------------------------------

==============================================================================


      Code (inc. data)   RO Data    RW Data    ZI Data      Debug   

     95964      10268       5868        452       9148     781335   Grand Totals
     95964      10268       5868        144       9148     781335   ELF Image Totals (compressed)
     95964      10268       5868        144          0          0   ROM Totals

==============================================================================

    Total RO  Size (Code + RO Data)               101832 (  99.45kB)
    Total RW  Size (RW Data + ZI Data)              9600 (   9.38kB)
    Total ROM Size (Code + RO Data + RW Data)     101976 (  99.59kB)

==============================================================================

