Component: ARM Compiler 5.06 update 1 (build 61) Tool: armlink [4d35a8]

==============================================================================

Section Cross References

    board.o(.text) refers to stm32f4xx_hal_rcc.o(.text) for HAL_RCC_OscConfig
    board.o(.text) refers to stm32f4xx_hal_cortex.o(.text) for HAL_SYSTICK_Config
    board.o(.text) refers to irq.o(.text) for rt_interrupt_enter
    board.o(.text) refers to stm32f4xx_hal.o(.text) for HAL_IncTick
    board.o(.text) refers to clock.o(.text) for rt_tick_increase
    board.o(.text) refers to thread.o(.text) for rt_thread_delay
    board.o(.text) refers to drv_usart.o(.text) for hw_usart_init
    board.o(.text) refers to mem.o(.text) for rt_system_heap_init
    board.o(.text) refers to components.o(.text) for rt_components_board_init
    board.o(.text) refers to kservice.o(.text) for rt_console_set_device
    drv_usart.o(.text) refers to kservice.o(.text) for rt_assert_handler
    drv_usart.o(.text) refers to stm32f4xx_hal_uart.o(.text) for HAL_UART_Init
    drv_usart.o(.text) refers to irq.o(.text) for rt_interrupt_enter
    drv_usart.o(.text) refers to serial.o(.text) for rt_hw_serial_isr
    drv_usart.o(.text) refers to stm32f4xx_hal_gpio.o(.text) for HAL_GPIO_Init
    drv_usart.o(.text) refers to stm32f4xx_hal_cortex.o(.text) for HAL_NVIC_SetPriority
    drv_usart.o(.text) refers to drv_usart.o(.constdata) for __FUNCTION__
    drv_usart.o(.text) refers to drv_usart.o(.bss) for uart1
    drv_usart.o(.constdata) refers to drv_usart.o(.text) for drv_configure
    drv_usart.o(.rti_fn.1) refers to drv_usart.o(.text) for hw_usart_init
    platform.o(.text) refers to stm32f4xx_hal_gpio.o(.text) for HAL_GPIO_Init
    platform.o(.text) refers to rt_stm32f40x_spi.o(.text) for stm32_spi_register
    platform.o(.text) refers to spi_core.o(.text) for rt_spi_bus_attach_device
    platform.o(.text) refers to thread.o(.text) for rt_thread_delay
    platform.o(.text) refers to msd.o(.text) for msd_init
    platform.o(.text) refers to platform.o(.bss) for stm32_spi3
    platform.o(.text) refers to platform.o(.data) for spi_sd_cs
    rt_stm32f40x_spi.o(.text) refers to rt_memcpy_w.o(.text) for __aeabi_memcpy4
    rt_stm32f40x_spi.o(.text) refers to stm32f4xx_hal_spi.o(.text) for HAL_SPI_Init
    rt_stm32f40x_spi.o(.text) refers to stm32f4xx_hal_gpio.o(.text) for HAL_GPIO_WritePin
    rt_stm32f40x_spi.o(.text) refers to spi_core.o(.text) for rt_spi_bus_register
    rt_stm32f40x_spi.o(.text) refers to rt_stm32f40x_spi.o(.bss) for hspi3
    rt_stm32f40x_spi.o(.text) refers to rt_stm32f40x_spi.o(.data) for stm32_spi_ops
    rt_stm32f40x_spi.o(.text) refers to system_stm32f4xx.o(.data) for SystemCoreClock
    rt_stm32f40x_spi.o(.data) refers to rt_stm32f40x_spi.o(.text) for configure
    msd.o(.text) refers to clock.o(.text) for rt_tick_get
    msd.o(.text) refers to kservice.o(.text) for rt_kprintf
    msd.o(.text) refers to ipc.o(.text) for rt_mutex_take
    msd.o(.text) refers to spi_core.o(.text) for rt_spi_configure
    msd.o(.text) refers to aeabi_memset.o(.text) for __aeabi_memset
    msd.o(.text) refers to msd.o(.conststring) for .conststring
    msd.o(.text) refers to device.o(.text) for rt_device_find
    msd.o(.text) refers to msd.o(.constdata) for __FUNCTION__
    msd.o(.text) refers to msd.o(.bss) for _msd_device
    device_test.o(.text) refers to kservice.o(.text) for rt_kprintf
    device_test.o(.text) refers to device.o(.text) for rt_device_open
    device_test.o(.text) refers to mem.o(.text) for rt_malloc
    device_test.o(.text) refers to clock.o(.text) for rt_tick_get
    device_test.o(FSymTab) refers to device_test.o(.rodata.name) for __fsym_device_test_name
    device_test.o(FSymTab) refers to device_test.o(.text) for device_test
    system_stm32f4xx.o(.text) refers to system_stm32f4xx.o(.data) for SystemCoreClock
    system_stm32f4xx.o(.text) refers to system_stm32f4xx.o(.constdata) for AHBPrescTable
    startup_stm32f407xx.o(STACK) refers (Special) to heapauxi.o(.text) for __use_two_region_memory
    startup_stm32f407xx.o(HEAP) refers (Special) to heapauxi.o(.text) for __use_two_region_memory
    startup_stm32f407xx.o(RESET) refers (Special) to heapauxi.o(.text) for __use_two_region_memory
    startup_stm32f407xx.o(RESET) refers to startup_stm32f407xx.o(STACK) for __initial_sp
    startup_stm32f407xx.o(RESET) refers to startup_stm32f407xx.o(.text) for Reset_Handler
    startup_stm32f407xx.o(RESET) refers to stm32f4xx_it.o(.text) for NMI_Handler
    startup_stm32f407xx.o(RESET) refers to context_rvds.o(.text) for HardFault_Handler
    startup_stm32f407xx.o(RESET) refers to board.o(.text) for SysTick_Handler
    startup_stm32f407xx.o(RESET) refers to drv_usart.o(.text) for USART1_IRQHandler
    startup_stm32f407xx.o(.text) refers (Special) to heapauxi.o(.text) for __use_two_region_memory
    startup_stm32f407xx.o(.text) refers to system_stm32f4xx.o(.text) for SystemInit
[...]
    HAL_NVIC_GetActive                       0x080045f5   Thumb Code    38  stm32f4xx_hal_cortex.o(.text)
    HAL_SYSTICK_CLKSourceConfig              0x0800461b   Thumb Code    40  stm32f4xx_hal_cortex.o(.text)
    HAL_SYSTICK_Callback                     0x08004643   Thumb Code     2  stm32f4xx_hal_cortex.o(.text)
    HAL_SYSTICK_IRQHandler                   0x08004645   Thumb Code     8  stm32f4xx_hal_cortex.o(.text)
    HAL_DMA_Init                             0x0800469b   Thumb Code   128  stm32f4xx_hal_dma.o(.text)
    HAL_DMA_DeInit                           0x0800471b   Thumb Code   100  stm32f4xx_hal_dma.o(.text)
    HAL_DMA_Start                            0x080047ab   Thumb Code    82  stm32f4xx_hal_dma.o(.text)
    HAL_DMA_Start_IT                         0x080047fd   Thumb Code   106  stm32f4xx_hal_dma.o(.text)
    HAL_DMA_Abort                            0x08004867   Thumb Code    94  stm32f4xx_hal_dma.o(.text)
    HAL_DMA_PollForTransfer                  0x080048c5   Thumb Code   412  stm32f4xx_hal_dma.o(.text)
    HAL_DMA_IRQHandler                       0x08004a61   Thumb Code   530  stm32f4xx_hal_dma.o(.text)
    HAL_DMA_GetState                         0x08004c73   Thumb Code     8  stm32f4xx_hal_dma.o(.text)
    HAL_DMA_GetError                         0x08004c7b   Thumb Code     6  stm32f4xx_hal_dma.o(.text)
    HAL_GPIO_Init                            0x08004c85   Thumb Code   476  stm32f4xx_hal_gpio.o(.text)
    HAL_GPIO_DeInit                          0x08004e61   Thumb Code   326  stm32f4xx_hal_gpio.o(.text)
    HAL_GPIO_ReadPin                         0x08004fa7   Thumb Code    16  stm32f4xx_hal_gpio.o(.text)
    HAL_GPIO_WritePin                        0x08004fb7   Thumb Code    12  stm32f4xx_hal_gpio.o(.text)
    HAL_GPIO_TogglePin                       0x08004fc3   Thumb Code     8  stm32f4xx_hal_gpio.o(.text)
    HAL_GPIO_LockPin                         0x08004fcb   Thumb Code    46  stm32f4xx_hal_gpio.o(.text)
    HAL_GPIO_EXTI_Callback                   0x08004ff9   Thumb Code     2  stm32f4xx_hal_gpio.o(.text)
    HAL_GPIO_EXTI_IRQHandler                 0x08004ffb   Thumb Code    28  stm32f4xx_hal_gpio.o(.text)
    HAL_MspInit                              0x08005049   Thumb Code     2  stm32f4xx_hal_msp_template.o(.text)
    HAL_MspDeInit                            0x0800504b   Thumb Code     2  stm32f4xx_hal_msp_template.o(.text)
    HAL_PPP_MspInit                          0x0800504d   Thumb Code     2  stm32f4xx_hal_msp_template.o(.text)
    HAL_PPP_MspDeInit                        0x0800504f   Thumb Code     2  stm32f4xx_hal_msp_template.o(.text)
    HAL_RCC_OscConfig                        0x08005053   Thumb Code  1026  stm32f4xx_hal_rcc.o(.text)
    HAL_RCC_ClockConfig                      0x08005455   Thumb Code   680  stm32f4xx_hal_rcc.o(.text)
    HAL_RCC_MCOConfig                        0x080056fd   Thumb Code   178  stm32f4xx_hal_rcc.o(.text)
    HAL_RCC_EnableCSS                        0x080057af   Thumb Code     8  stm32f4xx_hal_rcc.o(.text)
    HAL_RCC_DisableCSS                       0x080057b7   Thumb Code     8  stm32f4xx_hal_rcc.o(.text)
    HAL_RCC_GetSysClockFreq                  0x080057bf   Thumb Code   198  stm32f4xx_hal_rcc.o(.text)
    HAL_RCC_GetHCLKFreq                      0x08005885   Thumb Code    42  stm32f4xx_hal_rcc.o(.text)
    HAL_RCC_GetPCLK1Freq                     0x080058af   Thumb Code    36  stm32f4xx_hal_rcc.o(.text)
    HAL_RCC_GetPCLK2Freq                     0x080058d3   Thumb Code    36  stm32f4xx_hal_rcc.o(.text)
    HAL_RCC_GetOscConfig                     0x080058f7   Thumb Code   296  stm32f4xx_hal_rcc.o(.text)
    HAL_RCC_GetClockConfig                   0x08005a1f   Thumb Code    58  stm32f4xx_hal_rcc.o(.text)
    HAL_RCC_CSSCallback                      0x08005a59   Thumb Code     2  stm32f4xx_hal_rcc.o(.text)
    HAL_RCC_NMI_IRQHandler                   0x08005a5b   Thumb Code    30  stm32f4xx_hal_rcc.o(.text)
    HAL_SPI_MspInit                          0x08005a8d   Thumb Code     2  stm32f4xx_hal_spi.o(.text)
    HAL_SPI_Init                             0x08005a8f   Thumb Code   136  stm32f4xx_hal_spi.o(.text)
    HAL_SPI_MspDeInit                        0x08005b17   Thumb Code     2  stm32f4xx_hal_spi.o(.text)
    HAL_SPI_DeInit                           0x08005b19   Thumb Code    48  stm32f4xx_hal_spi.o(.text)
    HAL_SPI_Transmit                         0x08005c5d   Thumb Code   450  stm32f4xx_hal_spi.o(.text)
    HAL_SPI_TransmitReceive                  0x08005e1f   Thumb Code   850  stm32f4xx_hal_spi.o(.text)
    HAL_SPI_Receive                          0x08006171   Thumb Code   572  stm32f4xx_hal_spi.o(.text)
    HAL_SPI_ErrorCallback                    0x080063ad   Thumb Code     2  stm32f4xx_hal_spi.o(.text)
    HAL_SPI_TxCpltCallback                   0x080063af   Thumb Code     2  stm32f4xx_hal_spi.o(.text)
    HAL_SPI_TxRxCpltCallback                 0x080063b1   Thumb Code     2  stm32f4xx_hal_spi.o(.text)
    HAL_SPI_Transmit_IT                      0x080064a1   Thumb Code   198  stm32f4xx_hal_spi.o(.text)
    HAL_SPI_RxCpltCallback                   0x08006567   Thumb Code     2  stm32f4xx_hal_spi.o(.text)
    HAL_SPI_TransmitReceive_IT               0x0800668f   Thumb Code   192  stm32f4xx_hal_spi.o(.text)
    HAL_SPI_Receive_IT                       0x080067a1   Thumb Code   222  stm32f4xx_hal_spi.o(.text)
    HAL_SPI_TxHalfCpltCallback               0x0800692f   Thumb Code     2  stm32f4xx_hal_spi.o(.text)
    HAL_SPI_Transmit_DMA                     0x0800693f   Thumb Code   218  stm32f4xx_hal_spi.o(.text)
    HAL_SPI_RxHalfCpltCallback               0x08006b91   Thumb Code     2  stm32f4xx_hal_spi.o(.text)
    HAL_SPI_TxRxHalfCpltCallback             0x08006bd9   Thumb Code     2  stm32f4xx_hal_spi.o(.text)
    HAL_SPI_TransmitReceive_DMA              0x08006be9   Thumb Code   324  stm32f4xx_hal_spi.o(.text)
    HAL_SPI_Receive_DMA                      0x08006d2d   Thumb Code   288  stm32f4xx_hal_spi.o(.text)
    HAL_SPI_DMAPause                         0x08006e4d   Thumb Code    62  stm32f4xx_hal_spi.o(.text)
    HAL_SPI_DMAResume                        0x08006e8b   Thumb Code    62  stm32f4xx_hal_spi.o(.text)
    HAL_SPI_DMAStop                          0x08006ec9   Thumb Code    58  stm32f4xx_hal_spi.o(.text)
    HAL_SPI_IRQHandler                       0x08006f03   Thumb Code   262  stm32f4xx_hal_spi.o(.text)
    HAL_SPI_GetState                         0x08007009   Thumb Code     8  stm32f4xx_hal_spi.o(.text)
    HAL_SPI_GetError                         0x08007011   Thumb Code     6  stm32f4xx_hal_spi.o(.text)
    HAL_UART_Init                            0x08007241   Thumb Code   110  stm32f4xx_hal_uart.o(.text)
    HAL_HalfDuplex_Init                      0x080072af   Thumb Code   114  stm32f4xx_hal_uart.o(.text)
    HAL_LIN_Init                             0x08007321   Thumb Code   138  stm32f4xx_hal_uart.o(.text)
    HAL_MultiProcessor_Init                  0x080073ab   Thumb Code   150  stm32f4xx_hal_uart.o(.text)
    HAL_UART_DeInit                          0x08007443   Thumb Code    50  stm32f4xx_hal_uart.o(.text)
    HAL_UART_Transmit                        0x0800756f   Thumb Code   240  stm32f4xx_hal_uart.o(.text)
    HAL_UART_Receive                         0x0800765f   Thumb Code   248  stm32f4xx_hal_uart.o(.text)
    HAL_UART_Transmit_IT                     0x08007757   Thumb Code   110  stm32f4xx_hal_uart.o(.text)
    HAL_UART_Receive_IT                      0x080077c5   Thumb Code   134  stm32f4xx_hal_uart.o(.text)
    HAL_UART_ErrorCallback                   0x0800784b   Thumb Code     2  stm32f4xx_hal_uart.o(.text)
    HAL_UART_TxHalfCpltCallback              0x0800786f   Thumb Code     2  stm32f4xx_hal_uart.o(.text)
    HAL_UART_TxCpltCallback                  0x0800787f   Thumb Code     2  stm32f4xx_hal_uart.o(.text)
    HAL_UART_Transmit_DMA                    0x080078b7   Thumb Code   156  stm32f4xx_hal_uart.o(.text)
    HAL_UART_RxHalfCpltCallback              0x08007953   Thumb Code     2  stm32f4xx_hal_uart.o(.text)
    HAL_UART_RxCpltCallback                  0x08007963   Thumb Code     2  stm32f4xx_hal_uart.o(.text)
    HAL_UART_Receive_DMA                     0x080079a3   Thumb Code   146  stm32f4xx_hal_uart.o(.text)
    HAL_UART_DMAPause                        0x08007a35   Thumb Code   114  stm32f4xx_hal_uart.o(.text)
    HAL_UART_DMAResume                       0x08007aa7   Thumb Code   160  stm32f4xx_hal_uart.o(.text)
    HAL_UART_DMAStop                         0x08007b47   Thumb Code    58  stm32f4xx_hal_uart.o(.text)
    HAL_UART_IRQHandler                      0x08007cdd   Thumb Code   326  stm32f4xx_hal_uart.o(.text)
    HAL_LIN_SendBreak                        0x08007e23   Thumb Code    62  stm32f4xx_hal_uart.o(.text)
    HAL_MultiProcessor_EnterMuteMode         0x08007e61   Thumb Code    62  stm32f4xx_hal_uart.o(.text)
    HAL_MultiProcessor_ExitMuteMode          0x08007e9f   Thumb Code    62  stm32f4xx_hal_uart.o(.text)
    HAL_HalfDuplex_EnableTransmitter         0x08007edd   Thumb Code    68  stm32f4xx_hal_uart.o(.text)
    HAL_HalfDuplex_EnableReceiver            0x08007f21   Thumb Code    68  stm32f4xx_hal_uart.o(.text)
    HAL_UART_GetState                        0x08007f65   Thumb Code     8  stm32f4xx_hal_uart.o(.text)
    HAL_UART_GetError                        0x08007f6d   Thumb Code     6  stm32f4xx_hal_uart.o(.text)
    rt_system_tick_init                      0x08007f75   Thumb Code     2  clock.o(.text)
    rt_tick_get                              0x08007f77   Thumb Code     6  clock.o(.text)
    rt_tick_set                              0x08007f7d   Thumb Code    22  clock.o(.text)
    rt_tick_increase                         0x08007f93   Thumb Code    42  clock.o(.text)
    rt_tick_from_millisecond                 0x08007fbd   Thumb Code    22  clock.o(.text)
    rt_components_board_init                 0x08007fe9   Thumb Code    20  components.o(.text)
    rt_components_init                       0x08007ffd   Thumb Code    20  components.o(.text)
    main_thread_entry                        0x08008011   Thumb Code    66  components.o(.text)
    rt_application_init                      0x08008053   Thumb Code    50  components.o(.text)
    rtthread_startup                         0x08008085   Thumb Code    42  components.o(.text)
    main                                     0x080080af   Thumb Code    14  components.o(.text)
    rt_device_find                           0x08008131   Thumb Code    76  device.o(.text)
    rt_device_register                       0x0800817d   Thumb Code    52  device.o(.text)
    rt_device_unregister                     0x080081b1   Thumb Code    26  device.o(.text)
    rt_device_init_all                       0x080081cb   Thumb Code     4  device.o(.text)
    rt_device_init                           0x080081cf   Thumb Code    64  device.o(.text)
    rt_device_open                           0x0800820f   Thumb Code   136  device.o(.text)
    rt_device_close                          0x08008297   Thumb Code    68  device.o(.text)
    rt_device_read                           0x080082db   Thumb Code    76  device.o(.text)
    rt_device_write                          0x08008327   Thumb Code    76  device.o(.text)
    rt_device_control                        0x08008373   Thumb Code    42  device.o(.text)
    rt_device_set_rx_indicate                0x0800839d   Thumb Code    26  device.o(.text)
    rt_device_set_tx_complete                0x080083b7   Thumb Code    26  device.o(.text)
    rt_thread_idle_sethook                   0x08008455   Thumb Code     6  idle.o(.text)
    rt_thread_idle_excute                    0x0800845b   Thumb Code   154  idle.o(.text)
    rt_thread_idle_init                      0x08008509   Thumb Code    38  idle.o(.text)
    rt_sem_init                              0x08008635   Thumb Code    50  ipc.o(.text)
    rt_sem_detach                            0x08008667   Thumb Code    34  ipc.o(.text)
    rt_sem_create                            0x08008689   Thumb Code    84  ipc.o(.text)
    rt_sem_delete                            0x080086dd   Thumb Code    78  ipc.o(.text)
    rt_sem_take                              0x0800872b   Thumb Code   266  ipc.o(.text)
    rt_sem_trytake                           0x08008835   Thumb Code    14  ipc.o(.text)
    rt_sem_release                           0x08008843   Thumb Code    80  ipc.o(.text)
    rt_sem_control                           0x08008893   Thumb Code    68  ipc.o(.text)
    rt_mutex_init                            0x080088d7   Thumb Code    58  ipc.o(.text)
    rt_mutex_detach                          0x08008911   Thumb Code    36  ipc.o(.text)
    rt_mutex_create                          0x08008935   Thumb Code    96  ipc.o(.text)
    rt_mutex_delete                          0x08008995   Thumb Code    78  ipc.o(.text)
    rt_mutex_take                            0x080089e3   Thumb Code   524  ipc.o(.text)
    rt_mutex_release                         0x08008bef   Thumb Code   272  ipc.o(.text)
    rt_mutex_control                         0x08008cff   Thumb Code     8  ipc.o(.text)
    rt_event_init                            0x08008d07   Thumb Code    46  ipc.o(.text)
    rt_event_detach                          0x08008d35   Thumb Code    36  ipc.o(.text)
    rt_event_create                          0x08008d59   Thumb Code    88  ipc.o(.text)
    rt_event_delete                          0x08008db1   Thumb Code    82  ipc.o(.text)
    rt_event_send                            0x08008e03   Thumb Code   210  ipc.o(.text)
    rt_event_recv                            0x08008ed5   Thumb Code   448  ipc.o(.text)
    rt_event_control                         0x08009095   Thumb Code    70  ipc.o(.text)
    rt_mb_init                               0x080090db   Thumb Code    76  ipc.o(.text)
    rt_mb_detach                             0x08009127   Thumb Code    44  ipc.o(.text)
    rt_mb_create                             0x08009153   Thumb Code   128  ipc.o(.text)
    rt_mb_delete                             0x080091d3   Thumb Code    96  ipc.o(.text)
    rt_mb_send_wait                          0x08009233   Thumb Code   436  ipc.o(.text)
    rt_mb_send                               0x080093e7   Thumb Code    18  ipc.o(.text)
    rt_mb_recv                               0x080093f9   Thumb Code   412  ipc.o(.text)
    rt_mb_control                            0x08009595   Thumb Code    82  ipc.o(.text)
    rt_mq_init                               0x080095e7   Thumb Code   118  ipc.o(.text)
    rt_mq_detach                             0x0800965d   Thumb Code    36  ipc.o(.text)
    rt_mq_delete                             0x08009681   Thumb Code    88  ipc.o(.text)
    rt_mq_create                             0x080096d9   Thumb Code   174  ipc.o(.text)
    rt_mq_send                               0x08009787   Thumb Code   290  ipc.o(.text)
    rt_mq_urgent                             0x080098a9   Thumb Code   198  ipc.o(.text)
    rt_mq_recv                               0x0800996f   Thumb Code   438  ipc.o(.text)
    rt_mq_control                            0x08009b25   Thumb Code    98  ipc.o(.text)
    rt_interrupt_enter                       0x08009bdd   Thumb Code    30  irq.o(.text)
    rt_interrupt_leave                       0x08009bfb   Thumb Code    30  irq.o(.text)
    rt_interrupt_get_nest                    0x08009c19   Thumb Code     6  irq.o(.text)
    rt_get_errno                             0x08009c25   Thumb Code    32  kservice.o(.text)
    rt_set_errno                             0x08009c45   Thumb Code    36  kservice.o(.text)
    _rt_errno                                0x08009c69   Thumb Code    30  kservice.o(.text)
    rt_memset                                0x08009c87   Thumb Code    72  kservice.o(.text)
    rt_memcpy                                0x08009ccf   Thumb Code   124  kservice.o(.text)
    rt_memmove                               0x08009d4b   Thumb Code    66  kservice.o(.text)
    rt_memcmp                                0x08009d8d   Thumb Code    38  kservice.o(.text)
    rt_strlen                                0x08009db3   Thumb Code    18  kservice.o(.text)
    rt_strstr                                0x08009dc5   Thumb Code    58  kservice.o(.text)
    rt_strcasecmp                            0x08009dff   Thumb Code    48  kservice.o(.text)
    rt_strncpy                               0x08009e2f   Thumb Code    52  kservice.o(.text)
    rt_strncmp                               0x08009e63   Thumb Code    40  kservice.o(.text)
    rt_strcmp                                0x08009e8b   Thumb Code    28  kservice.o(.text)
    rt_strdup                                0x08009ea7   Thumb Code    40  kservice.o(.text)
    rt_hw_console_output                     0x08009ecf   Thumb Code     2  kservice.o(.text)
    rt_vsnprintf                             0x0800a087   Thumb Code   800  kservice.o(.text)
    rt_kprintf                               0x0800a3a7   Thumb Code    96  kservice.o(.text)
    rt_show_version                          0x0800a407   Thumb Code    38  kservice.o(.text)
    rt_snprintf                              0x0800a42d   Thumb Code    38  kservice.o(.text)
    rt_vsprintf                              0x0800a453   Thumb Code    22  kservice.o(.text)
    rt_sprintf                               0x0800a469   Thumb Code    34  kservice.o(.text)
    rt_console_get_device                    0x0800a48b   Thumb Code     6  kservice.o(.text)
    rt_console_set_device                    0x0800a491   Thumb Code    48  kservice.o(.text)
    rt_malloc_align                          0x0800a4c1   Thumb Code    66  kservice.o(.text)
    rt_free_align                            0x0800a503   Thumb Code    16  kservice.o(.text)
    __rt_ffs                                 0x0800a513   Thumb Code    70  kservice.o(.text)
    rt_assert_set_hook                       0x0800a559   Thumb Code     6  kservice.o(.text)
    rt_assert_handler                        0x0800a55f   Thumb Code    56  kservice.o(.text)
    rt_malloc_sethook                        0x0800a671   Thumb Code     6  mem.o(.text)
    rt_free_sethook                          0x0800a677   Thumb Code     6  mem.o(.text)
    rt_system_heap_init                      0x0800a71d   Thumb Code   204  mem.o(.text)
    rt_malloc                                0x0800a7e9   Thumb Code   520  mem.o(.text)
    rt_free                                  0x0800a9f1   Thumb Code   602  mem.o(.text)
    rt_realloc                               0x0800ac4b   Thumb Code   312  mem.o(.text)
    rt_calloc                                0x0800ad83   Thumb Code    84  mem.o(.text)
    rt_memory_info                           0x0800add7   Thumb Code    26  mem.o(.text)
    list_mem                                 0x0800adf1   Thumb Code    34  mem.o(.text)
    rt_object_attach_sethook                 0x0800af05   Thumb Code     6  object.o(.text)
    rt_object_detach_sethook                 0x0800af0b   Thumb Code     6  object.o(.text)
    rt_object_trytake_sethook                0x0800af11   Thumb Code     6  object.o(.text)
    rt_object_take_sethook                   0x0800af17   Thumb Code     6  object.o(.text)
    rt_object_put_sethook                    0x0800af1d   Thumb Code     6  object.o(.text)
    rt_system_object_init                    0x0800af23   Thumb Code     2  object.o(.text)
    rt_object_get_information                0x0800af25   Thumb Code    10  object.o(.text)
    rt_object_init                           0x0800af2f   Thumb Code    76  object.o(.text)
    rt_object_detach                         0x0800af7b   Thumb Code    56  object.o(.text)
    rt_object_allocate                       0x0800afb3   Thumb Code   132  object.o(.text)
    rt_object_delete                         0x0800b037   Thumb Code    84  object.o(.text)
    rt_object_is_systemobject                0x0800b08b   Thumb Code    34  object.o(.text)
    rt_object_find                           0x0800b0ad   Thumb Code   126  object.o(.text)
    rt_scheduler_sethook                     0x0800b1c1   Thumb Code     6  scheduler.o(.text)
    rt_system_scheduler_init                 0x0800b219   Thumb Code    56  scheduler.o(.text)
    rt_system_scheduler_start                0x0800b251   Thumb Code    36  scheduler.o(.text)
    rt_schedule                              0x0800b275   Thumb Code   134  scheduler.o(.text)
    rt_schedule_insert_thread                0x0800b2fb   Thumb Code    82  scheduler.o(.text)
    rt_schedule_remove_thread                0x0800b34d   Thumb Code    94  scheduler.o(.text)
    rt_enter_critical                        0x0800b3ab   Thumb Code    28  scheduler.o(.text)
    rt_exit_critical                         0x0800b3c7   Thumb Code    54  scheduler.o(.text)
    rt_critical_level                        0x0800b3fd   Thumb Code     8  scheduler.o(.text)
    rt_thread_exit                           0x0800b4c1   Thumb Code    76  thread.o(.text)
    rt_thread_timeout                        0x0800b50d   Thumb Code    66  thread.o(.text)
    rt_thread_init                           0x0800b5dd   Thumb Code    74  thread.o(.text)
    rt_thread_self                           0x0800b627   Thumb Code     6  thread.o(.text)
    rt_thread_resume                         0x0800b62d   Thumb Code    78  thread.o(.text)
    rt_thread_startup                        0x0800b67b   Thumb Code    80  thread.o(.text)
    rt_thread_detach                         0x0800b6cb   Thumb Code    72  thread.o(.text)
    rt_thread_create                         0x0800b713   Thumb Code    80  thread.o(.text)
    rt_thread_delete                         0x0800b763   Thumb Code    64  thread.o(.text)
    rt_thread_yield                          0x0800b7a3   Thumb Code    88  thread.o(.text)
    rt_thread_suspend                        0x0800b7fb   Thumb Code    76  thread.o(.text)
    rt_thread_sleep                          0x0800b847   Thumb Code    76  thread.o(.text)
    rt_thread_delay                          0x0800b893   Thumb Code   210  thread.o(.text)
    rt_thread_control                        0x0800b965   Thumb Code   130  thread.o(.text)
    rt_thread_find                           0x0800b9e7   Thumb Code    76  thread.o(.text)
    rt_timer_timeout_sethook                 0x0800ba4b   Thumb Code     6  timer.o(.text)
    rt_timer_init                            0x0800badd   Thumb Code    58  timer.o(.text)
    rt_timer_detach                          0x0800bb17   Thumb Code    44  timer.o(.text)
    rt_timer_create                          0x0800bb43   Thumb Code    54  timer.o(.text)
    rt_timer_delete                          0x0800bb79   Thumb Code    46  timer.o(.text)
    rt_timer_start                           0x0800bba7   Thumb Code   292  timer.o(.text)
    rt_timer_stop                            0x0800bccb   Thumb Code    80  timer.o(.text)
    rt_timer_control                         0x0800bd1b   Thumb Code    76  timer.o(.text)
    rt_timer_check                           0x0800bd67   Thumb Code   148  timer.o(.text)
    rt_timer_next_timeout_tick               0x0800bdfb   Thumb Code    10  timer.o(.text)
    rt_system_timer_init                     0x0800be05   Thumb Code    24  timer.o(.text)
    rt_system_timer_thread_init              0x0800be1d   Thumb Code     2  timer.o(.text)
    rt_hw_stack_init                         0x0800be99   Thumb Code    74  cpuport.o(.text)
    rt_hw_exception_install                  0x0800bee3   Thumb Code     6  cpuport.o(.text)
    rt_hw_hard_fault_exception               0x0800bee9   Thumb Code   112  cpuport.o(.text)
    rt_hw_cpu_shutdown                       0x0800bf59   Thumb Code    20  cpuport.o(.text)
    rt_hw_interrupt_disable                  0x0800c029   Thumb Code     8  context_rvds.o(.text)
    rt_hw_interrupt_enable                   0x0800c031   Thumb Code     6  context_rvds.o(.text)
    rt_hw_context_switch                     0x0800c037   Thumb Code    32  context_rvds.o(.text)
    rt_hw_context_switch_interrupt           0x0800c037   Thumb Code     0  context_rvds.o(.text)
    PendSV_Handler                           0x0800c057   Thumb Code   108  context_rvds.o(.text)
    rt_hw_context_switch_to                  0x0800c0c3   Thumb Code    68  context_rvds.o(.text)
    rt_hw_interrupt_thread_switch            0x0800c107   Thumb Code     2  context_rvds.o(.text)
    HardFault_Handler                        0x0800c109   Thumb Code    20  context_rvds.o(.text)
    dfs_init                                 0x0800c135   Thumb Code    46  dfs.o(.text)
    dfs_lock                                 0x0800c163   Thumb Code    28  dfs.o(.text)
    dfs_unlock                               0x0800c17f   Thumb Code    10  dfs.o(.text)
    fd_new                                   0x0800c189   Thumb Code    62  dfs.o(.text)
    fd_get                                   0x0800c1c7   Thumb Code    58  dfs.o(.text)
    fd_put                                   0x0800c201   Thumb Code    46  dfs.o(.text)
    dfs_normalize_path                       0x0800c22f   Thumb Code   352  dfs.o(.text)
    fd_is_open                               0x0800c38f   Thumb Code   148  dfs.o(.text)
    dfs_subdir                               0x0800c423   Thumb Code    56  dfs.o(.text)
    dfs_file_open                            0x0800c4dd   Thumb Code   208  dfs_file.o(.text)
    dfs_file_close                           0x0800c5ad   Thumb Code    50  dfs_file.o(.text)
    dfs_file_ioctl                           0x0800c5df   Thumb Code    52  dfs_file.o(.text)
    dfs_file_read                            0x0800c613   Thumb Code    68  dfs_file.o(.text)
    dfs_file_getdents                        0x0800c657   Thumb Code    54  dfs_file.o(.text)
    dfs_file_unlink                          0x0800c68d   Thumb Code   148  dfs_file.o(.text)
    dfs_file_write                           0x0800c721   Thumb Code    48  dfs_file.o(.text)
    dfs_file_flush                           0x0800c751   Thumb Code    36  dfs_file.o(.text)
    dfs_file_lseek                           0x0800c775   Thumb Code    64  dfs_file.o(.text)
    dfs_file_stat                            0x0800c7b5   Thumb Code   182  dfs_file.o(.text)
    dfs_file_rename                          0x0800c86b   Thumb Code   174  dfs_file.o(.text)
    ls                                       0x0800c919   Thumb Code   212  dfs_file.o(.text)
    rm                                       0x0800c9ed   Thumb Code    24  dfs_file.o(.text)
    cat                                      0x0800ca05   Thumb Code    80  dfs_file.o(.text)
    copy                                     0x0800cc1b   Thumb Code   630  dfs_file.o(.text)
    dfs_register                             0x0800ce91   Thumb Code    76  dfs_fs.o(.text)
    dfs_filesystem_lookup                    0x0800cedd   Thumb Code   114  dfs_fs.o(.text)
    dfs_filesystem_get_mounted_path          0x0800cf4f   Thumb Code    52  dfs_fs.o(.text)
    dfs_filesystem_get_partition             0x0800cf83   Thumb Code   206  dfs_fs.o(.text)
    dfs_mount                                0x0800d051   Thumb Code   400  dfs_fs.o(.text)
    dfs_unmount                              0x0800d1e1   Thumb Code   288  dfs_fs.o(.text)
    dfs_mkfs                                 0x0800d301   Thumb Code   138  dfs_fs.o(.text)
    dfs_statfs                               0x0800d38b   Thumb Code    40  dfs_fs.o(.text)
    mkfs                                     0x0800d3b3   Thumb Code    16  dfs_fs.o(.text)
    df                                       0x0800d3c3   Thumb Code    60  dfs_fs.o(.text)
    open                                     0x0800d481   Thumb Code    94  dfs_posix.o(.text)
    close                                    0x0800d4df   Thumb Code    68  dfs_posix.o(.text)
    read                                     0x0800d523   Thumb Code    80  dfs_posix.o(.text)
    write                                    0x0800d573   Thumb Code    80  dfs_posix.o(.text)
    lseek                                    0x0800d5c3   Thumb Code   150  dfs_posix.o(.text)
    rename                                   0x0800d659   Thumb Code    36  dfs_posix.o(.text)
    unlink                                   0x0800d67d   Thumb Code    32  dfs_posix.o(.text)
    stat                                     0x0800d69d   Thumb Code    36  dfs_posix.o(.text)
    fstat                                    0x0800d6c1   Thumb Code    82  dfs_posix.o(.text)
    fsync                                    0x0800d713   Thumb Code    46  dfs_posix.o(.text)
    ioctl                                    0x0800d741   Thumb Code    70  dfs_posix.o(.text)
    statfs                                   0x0800d787   Thumb Code    36  dfs_posix.o(.text)
    mkdir                                    0x0800d7ab   Thumb Code   104  dfs_posix.o(.text)
    rmdir                                    0x0800d813   Thumb Code    32  dfs_posix.o(.text)
    opendir                                  0x0800d833   Thumb Code   130  dfs_posix.o(.text)
    readdir                                  0x0800d8b5   Thumb Code   132  dfs_posix.o(.text)
    telldir                                  0x0800d939   Thumb Code    50  dfs_posix.o(.text)
    seekdir                                  0x0800d96b   Thumb Code    58  dfs_posix.o(.text)
    rewinddir                                0x0800d9a5   Thumb Code    56  dfs_posix.o(.text)
    closedir                                 0x0800d9dd   Thumb Code    74  dfs_posix.o(.text)
    getcwd                                   0x0800da27   Thumb Code    16  dfs_posix.o(.text)
    dfs_elm_mount                            0x0800dae1   Thumb Code   224  dfs_elm.o(.text)
    dfs_elm_unmount                          0x0800dbc1   Thumb Code    80  dfs_elm.o(.text)
    dfs_elm_mkfs                             0x0800dc11   Thumb Code   168  dfs_elm.o(.text)
    dfs_elm_statfs                           0x0800dcb9   Thumb Code   118  dfs_elm.o(.text)
    dfs_elm_open                             0x0800dd2f   Thumb Code   334  dfs_elm.o(.text)
    dfs_elm_close                            0x0800de7d   Thumb Code   248  dfs_elm.o(.text)
    dfs_elm_ioctl                            0x0800df75   Thumb Code     8  dfs_elm.o(.text)
    dfs_elm_read                             0x0800df7d   Thumb Code    72  dfs_elm.o(.text)
    dfs_elm_write                            0x0800dfc5   Thumb Code    76  dfs_elm.o(.text)
    dfs_elm_flush                            0x0800e011   Thumb Code    36  dfs_elm.o(.text)
    dfs_elm_lseek                            0x0800e035   Thumb Code   114  dfs_elm.o(.text)
    dfs_elm_getdents                         0x0800e0a7   Thumb Code   210  dfs_elm.o(.text)
    dfs_elm_unlink                           0x0800e179   Thumb Code    86  dfs_elm.o(.text)
    dfs_elm_rename                           0x0800e1cf   Thumb Code    94  dfs_elm.o(.text)
    dfs_elm_stat                             0x0800e22d   Thumb Code   256  dfs_elm.o(.text)
    elm_init                                 0x0800e32d   Thumb Code    52  dfs_elm.o(.text)
    disk_initialize                          0x0800e361   Thumb Code     6  dfs_elm.o(.text)
    disk_status                              0x0800e367   Thumb Code     6  dfs_elm.o(.text)
    disk_read                                0x0800e36d   Thumb Code    46  dfs_elm.o(.text)
    disk_write                               0x0800e39b   Thumb Code    46  dfs_elm.o(.text)
    disk_ioctl                               0x0800e3c9   Thumb Code   156  dfs_elm.o(.text)
    get_fattime                              0x0800e465   Thumb Code     4  dfs_elm.o(.text)
    clust2sect                               0x0800e5eb   Thumb Code    26  ff.o(.text)
    get_fat                                  0x0800e605   Thumb Code   280  ff.o(.text)
    put_fat                                  0x0800e71d   Thumb Code   336  ff.o(.text)
    f_mount                                  0x0800f2c3   Thumb Code    38  ff.o(.text)
    f_open                                   0x0800f2e9   Thumb Code   288  ff.o(.text)
    f_read                                   0x0800f409   Thumb Code   524  ff.o(.text)
    f_write                                  0x0800f615   Thumb Code   608  ff.o(.text)
    f_sync                                   0x0800f875   Thumb Code   142  ff.o(.text)
    f_close                                  0x0800f903   Thumb Code    22  ff.o(.text)
    f_lseek                                  0x0800f919   Thumb Code   778  ff.o(.text)
    f_opendir                                0x0800fc23   Thumb Code    98  ff.o(.text)
    f_readdir                                0x0800fc85   Thumb Code    88  ff.o(.text)
    f_seekdir                                0x0800fcdd   Thumb Code    60  ff.o(.text)
    f_stat                                   0x0800fd19   Thumb Code    58  ff.o(.text)
    f_getfree                                0x0800fd53   Thumb Code   254  ff.o(.text)
    f_truncate                               0x0800fe51   Thumb Code   156  ff.o(.text)
    f_unlink                                 0x0800feed   Thumb Code   166  ff.o(.text)
    f_mkdir                                  0x0800ff93   Thumb Code   326  ff.o(.text)
    f_chmod                                  0x080100d9   Thumb Code    84  ff.o(.text)
    f_utime                                  0x0801012d   Thumb Code    74  ff.o(.text)
    f_rename                                 0x08010177   Thumb Code   266  ff.o(.text)
    f_mkfs                                   0x08010281   Thumb Code  1236  ff.o(.text)
    elm_get_vol                              0x08010755   Thumb Code    32  ff.o(.text)
    rt_hw_serial_register                    0x08010b2b   Thumb Code   246  serial.o(.text)
    rt_hw_serial_isr                         0x08010c21   Thumb Code   302  serial.o(.text)
    rt_spi_bus_register                      0x08011005   Thumb Code    50  spi_core.o(.text)
    rt_spi_bus_attach_device                 0x08011037   Thumb Code    74  spi_core.o(.text)
    rt_spi_configure                         0x08011081   Thumb Code    96  spi_core.o(.text)
    rt_spi_send_then_send                    0x080110e1   Thumb Code   240  spi_core.o(.text)
    rt_spi_send_then_recv                    0x080111d1   Thumb Code   240  spi_core.o(.text)
    rt_spi_transfer                          0x080112c1   Thumb Code   198  spi_core.o(.text)
    rt_spi_transfer_message                  0x08011387   Thumb Code   164  spi_core.o(.text)
    rt_spi_take_bus                          0x0801142b   Thumb Code   204  spi_core.o(.text)
    rt_spi_release_bus                       0x080114f7   Thumb Code    72  spi_core.o(.text)
    rt_spi_take                              0x0801153f   Thumb Code    80  spi_core.o(.text)
    rt_spi_release                           0x0801158f   Thumb Code    80  spi_core.o(.text)
    rt_spi_bus_device_init                   0x08011691   Thumb Code    56  spi_dev.o(.text)
    rt_spidev_device_init                    0x0801174d   Thumb Code    56  spi_dev.o(.text)
    rt_completion_init                       0x08011819   Thumb Code    42  completion.o(.text)
    rt_completion_wait                       0x08011843   Thumb Code   198  completion.o(.text)
    rt_completion_done                       0x08011909   Thumb Code    76  completion.o(.text)
    rt_data_queue_init                       0x080119ef   Thumb Code    78  dataqueue.o(.text)
    rt_data_queue_push                       0x08011a3d   Thumb Code   276  dataqueue.o(.text)
    rt_data_queue_pop                        0x08011b51   Thumb Code   340  dataqueue.o(.text)
    rt_data_queue_peak                       0x08011ca5   Thumb Code    94  dataqueue.o(.text)
    rt_data_queue_reset                      0x08011d03   Thumb Code   106  dataqueue.o(.text)
    finsh_set_device                         0x08011e17   Thumb Code   156  shell.o(.text)
    finsh_get_device                         0x08011eb3   Thumb Code    28  shell.o(.text)
    finsh_set_echo                           0x08011ecf   Thumb Code    30  shell.o(.text)
    finsh_get_echo                           0x08011eed   Thumb Code    32  shell.o(.text)
    finsh_run_line                           0x08011f29   Thumb Code   164  shell.o(.text)
    finsh_thread_entry                       0x08012089   Thumb Code  1646  shell.o(.text)
    finsh_system_function_init               0x080126f7   Thumb Code    10  shell.o(.text)
    finsh_system_var_init                    0x08012701   Thumb Code    10  shell.o(.text)
    finsh_system_init                        0x0801270b   Thumb Code   122  shell.o(.text)
    hello                                    0x080127ed   Thumb Code    12  cmd.o(.text)
    version                                  0x080127f9   Thumb Code    10  cmd.o(.text)
    list_thread                              0x080128af   Thumb Code    10  cmd.o(.text)
    list_sem                                 0x0801294d   Thumb Code    12  cmd.o(.text)
    list_event                               0x080129b9   Thumb Code    12  cmd.o(.text)
    list_mutex                               0x08012a07   Thumb Code    12  cmd.o(.text)
    list_mailbox                             0x08012a8b   Thumb Code    12  cmd.o(.text)
    list_msgqueue                            0x08012b03   Thumb Code    12  cmd.o(.text)
    list_mempool                             0x08012b75   Thumb Code    12  cmd.o(.text)
    list_timer                               0x08012fb9   Thumb Code    10  cmd.o(.text)
    list_device                              0x08013015   Thumb Code    12  cmd.o(.text)
    list                                     0x08013021   Thumb Code   126  cmd.o(.text)
    list_prefix                              0x080130e1   Thumb Code   434  cmd.o(.text)
    finsh_compiler_run                       0x08014b4b   Thumb Code    88  finsh_compiler.o(.text)
    finsh_error_init                         0x08014bb5   Thumb Code     8  finsh_error.o(.text)
    finsh_error_set                          0x08014bbd   Thumb Code    10  finsh_error.o(.text)
    finsh_errno                              0x08014bc7   Thumb Code     6  finsh_error.o(.text)
    finsh_error_string                       0x08014bcd   Thumb Code    10  finsh_error.o(.text)
    finsh_heap_init                          0x08014be1   Thumb Code    36  finsh_heap.o(.text)
    finsh_heap_free                          0x08014d05   Thumb Code    34  finsh_heap.o(.text)
    finsh_heap_allocate                      0x08014d75   Thumb Code   106  finsh_heap.o(.text)
    finsh_init                               0x08014df1   Thumb Code    30  finsh_init.o(.text)
    finsh_stack_bottom                       0x08014e0f   Thumb Code     6  finsh_init.o(.text)
    finsh_flush                              0x08014e15   Thumb Code    22  finsh_init.o(.text)
    finsh_reset                              0x08014e2b   Thumb Code    24  finsh_init.o(.text)
    finsh_node_init                          0x08014e49   Thumb Code    16  finsh_node.o(.text)
    finsh_node_allocate                      0x08014e59   Thumb Code    56  finsh_node.o(.text)
    finsh_node_new_id                        0x08014e91   Thumb Code   118  finsh_node.o(.text)
    finsh_node_new_char                      0x08014f07   Thumb Code    30  finsh_node.o(.text)
    finsh_node_new_int                       0x08014f25   Thumb Code    30  finsh_node.o(.text)
    finsh_node_new_long                      0x08014f43   Thumb Code    30  finsh_node.o(.text)
    finsh_node_new_string                    0x08014f61   Thumb Code    74  finsh_node.o(.text)
    finsh_node_new_ptr                       0x08014fab   Thumb Code    30  finsh_node.o(.text)
    OP_no_op                                 0x08014fcd   Thumb Code     2  finsh_ops.o(.text)
    OP_add_byte                              0x08014fcf   Thumb Code    42  finsh_ops.o(.text)
    OP_add_word                              0x08014ff9   Thumb Code    44  finsh_ops.o(.text)
    OP_add_dword                             0x08015025   Thumb Code    42  finsh_ops.o(.text)
    OP_sub_byte                              0x0801504f   Thumb Code    42  finsh_ops.o(.text)
    OP_sub_word                              0x08015079   Thumb Code    44  finsh_ops.o(.text)
    OP_sub_dword                             0x080150a5   Thumb Code    42  finsh_ops.o(.text)
    OP_div_byte                              0x080150cf   Thumb Code    44  finsh_ops.o(.text)
    OP_div_word                              0x080150fb   Thumb Code    46  finsh_ops.o(.text)
    OP_div_dword                             0x08015129   Thumb Code    44  finsh_ops.o(.text)
    OP_mod_byte                              0x08015155   Thumb Code    48  finsh_ops.o(.text)
    OP_mod_word                              0x08015185   Thumb Code    48  finsh_ops.o(.text)
    OP_mod_dword                             0x080151b5   Thumb Code    48  finsh_ops.o(.text)
    OP_mul_byte                              0x080151e5   Thumb Code    44  finsh_ops.o(.text)
    OP_mul_word                              0x08015211   Thumb Code    46  finsh_ops.o(.text)
    OP_mul_dword                             0x0801523f   Thumb Code    42  finsh_ops.o(.text)
    OP_and_byte                              0x08015269   Thumb Code    42  finsh_ops.o(.text)
    OP_and_word                              0x08015293   Thumb Code    42  finsh_ops.o(.text)
    OP_and_dword                             0x080152bd   Thumb Code    42  finsh_ops.o(.text)
    OP_or_byte                               0x080152e7   Thumb Code    42  finsh_ops.o(.text)
    OP_or_word                               0x08015311   Thumb Code    42  finsh_ops.o(.text)
    OP_or_dword                              0x0801533b   Thumb Code    42  finsh_ops.o(.text)
    OP_xor_byte                              0x08015365   Thumb Code    42  finsh_ops.o(.text)
    OP_xor_word                              0x0801538f   Thumb Code    46  finsh_ops.o(.text)
    OP_xor_dword                             0x080153bd   Thumb Code    42  finsh_ops.o(.text)
    OP_bw_byte                               0x080153e7   Thumb Code    20  finsh_ops.o(.text)
    OP_bw_word                               0x080153fb   Thumb Code    20  finsh_ops.o(.text)
    OP_bw_dword                              0x0801540f   Thumb Code    20  finsh_ops.o(.text)
    OP_shl_byte                              0x08015423   Thumb Code    42  finsh_ops.o(.text)
    OP_shl_word                              0x0801544d   Thumb Code    44  finsh_ops.o(.text)
    OP_shl_dword                             0x08015479   Thumb Code    42  finsh_ops.o(.text)
    OP_shr_byte                              0x080154a3   Thumb Code    42  finsh_ops.o(.text)
    OP_shr_word                              0x080154cd   Thumb Code    42  finsh_ops.o(.text)
    OP_shr_dword                             0x080154f7   Thumb Code    42  finsh_ops.o(.text)
    OP_ld_byte                               0x08015521   Thumb Code    34  finsh_ops.o(.text)
    OP_ld_word                               0x08015543   Thumb Code    46  finsh_ops.o(.text)
    OP_ld_dword                              0x08015571   Thumb Code    64  finsh_ops.o(.text)
    OP_ld_value_byte                         0x080155b1   Thumb Code    66  finsh_ops.o(.text)
    OP_ld_value_byte_stack                   0x080155f3   Thumb Code    20  finsh_ops.o(.text)
    OP_ld_value_word                         0x08015607   Thumb Code    66  finsh_ops.o(.text)
    OP_ld_value_word_stack                   0x08015649   Thumb Code    20  finsh_ops.o(.text)
    OP_ld_value_dword                        0x0801565d   Thumb Code    66  finsh_ops.o(.text)
    OP_ld_value_dword_stack                  0x0801569f   Thumb Code    20  finsh_ops.o(.text)
    OP_st_byte                               0x080156b3   Thumb Code    30  finsh_ops.o(.text)
    OP_st_word                               0x080156d1   Thumb Code    30  finsh_ops.o(.text)
    OP_st_dword                              0x080156ef   Thumb Code    30  finsh_ops.o(.text)
    OP_pop                                   0x0801570d   Thumb Code    12  finsh_ops.o(.text)
    OP_call                                  0x08015719   Thumb Code   906  finsh_ops.o(.text)
    finsh_parser_run                         0x08016339   Thumb Code   220  finsh_parser.o(.text)
    finsh_parser_init                        0x08016415   Thumb Code    16  finsh_parser.o(.text)
    finsh_var_init                           0x08016425   Thumb Code    14  finsh_var.o(.text)
    finsh_var_insert                         0x08016433   Thumb Code   114  finsh_var.o(.text)
    finsh_var_delete                         0x080164a5   Thumb Code    68  finsh_var.o(.text)
    finsh_var_lookup                         0x080164e9   Thumb Code    58  finsh_var.o(.text)
    finsh_sysvar_append                      0x08016523   Thumb Code    62  finsh_var.o(.text)
    finsh_sysvar_lookup                      0x08016561   Thumb Code    78  finsh_var.o(.text)
    finsh_vm_run                             0x080165c1   Thumb Code    62  finsh_vm.o(.text)
    finsh_syscall_append                     0x080165ff   Thumb Code    54  finsh_vm.o(.text)
    finsh_syscall_lookup                     0x08016635   Thumb Code    78  finsh_vm.o(.text)
    finsh_token_init                         0x080166a5   Thumb Code    20  finsh_token.o(.text)
    token_get_string                         0x08016abd   Thumb Code   120  finsh_token.o(.text)
    finsh_token_token                        0x08016cf5   Thumb Code    24  finsh_token.o(.text)
    finsh_token_get_token                    0x08016d0d   Thumb Code    20  finsh_token.o(.text)
    atoi                                     0x08016d25   Thumb Code    26  atoi.o(.text)
    strrchr                                  0x08016d3f   Thumb Code    22  strrchr.o(.text)
    strlen                                   0x08016d55   Thumb Code    62  strlen.o(.text)
    strncmp                                  0x08016d93   Thumb Code   150  strncmp.o(.text)
    __aeabi_memcpy                           0x08016e29   Thumb Code     0  rt_memcpy_v6.o(.text)
    __rt_memcpy                              0x08016e29   Thumb Code   138  rt_memcpy_v6.o(.text)
    _memcpy_lastbytes                        0x08016e8f   Thumb Code     0  rt_memcpy_v6.o(.text)
    __aeabi_memcpy4                          0x08016eb3   Thumb Code     0  rt_memcpy_w.o(.text)
    __aeabi_memcpy8                          0x08016eb3   Thumb Code     0  rt_memcpy_w.o(.text)
    __rt_memcpy_w                            0x08016eb3   Thumb Code   100  rt_memcpy_w.o(.text)
    _memcpy_lastbytes_aligned                0x08016efb   Thumb Code     0  rt_memcpy_w.o(.text)
    __aeabi_memset                           0x08016f17   Thumb Code    16  aeabi_memset.o(.text)
    __aeabi_memclr                           0x08016f27   Thumb Code     0  rt_memclr.o(.text)
    __rt_memclr                              0x08016f27   Thumb Code    68  rt_memclr.o(.text)
    _memset                                  0x08016f2b   Thumb Code     0  rt_memclr.o(.text)
    __aeabi_memclr4                          0x08016f6b   Thumb Code     0  rt_memclr_w.o(.text)
    __aeabi_memclr8                          0x08016f6b   Thumb Code     0  rt_memclr_w.o(.text)
    __rt_memclr_w                            0x08016f6b   Thumb Code    78  rt_memclr_w.o(.text)
    _memset_w                                0x08016f6f   Thumb Code     0  rt_memclr_w.o(.text)
    strncpy                                  0x08016fb9   Thumb Code    86  strncpy.o(.text)
    strcmp                                   0x08017011   Thumb Code   128  strcmpv7m.o(.text)
    mktime                                   0x080170cf   Thumb Code   352  mktime.o(.text)
    __use_two_region_memory                  0x08017239   Thumb Code     2  heapauxi.o(.text)
    __rt_heap_escrow$2region                 0x0801723b   Thumb Code     2  heapauxi.o(.text)
    __rt_heap_expand$2region                 0x0801723d   Thumb Code     2  heapauxi.o(.text)
    __aeabi_errno_addr                       0x08017241   Thumb Code     8  rt_errno_addr_intlibspace.o(.text)
    __errno$intlibspace                      0x08017241   Thumb Code     0  rt_errno_addr_intlibspace.o(.text)
    __rt_errno_addr$intlibspace              0x08017241   Thumb Code     0  rt_errno_addr_intlibspace.o(.text)
    strtol                                   0x08017249   Thumb Code   112  strtol.o(.text)
    __user_libspace                          0x080172b9   Thumb Code     8  libspace.o(.text)
    __user_perproc_libspace                  0x080172b9   Thumb Code     0  libspace.o(.text)
    __user_perthread_libspace                0x080172b9   Thumb Code     0  libspace.o(.text)
    __rt_ctype_table                         0x080172c1   Thumb Code    16  rt_ctype_table.o(.text)
    _strtoul                                 0x080172d1   Thumb Code   158  _strtoul.o(.text)
    __user_setup_stackheap                   0x0801736f   Thumb Code    74  sys_stackheap_outer.o(.text)
    __rt_locale                              0x080173b9   Thumb Code     8  rt_locale_intlibspace.o(.text)
    _chval                                   0x080173c1   Thumb Code    28  _chval.o(.text)
    exit                                     0x080173dd   Thumb Code    18  exit.o(.text)
    _sys_exit                                0x080173f1   Thumb Code     8  sys_exit.o(.text)
    __I$use$semihosting                      0x080173fd   Thumb Code     0  use_no_semi.o(.text)
    __use_no_semihosting_swi                 0x080173fd   Thumb Code     2  use_no_semi.o(.text)
    __semihosting_library_function           0x080173ff   Thumb Code     0  indicate_semi.o(.text)
    _get_lc_ctype                            0x08017401   Thumb Code    44  lc_ctype_c.o(locale$$code)
    _fp_init                                 0x0801742d   Thumb Code    10  fpinit.o(x$fpl$fpinit)
    __fplib_config_fpu_vfp                   0x08017435   Thumb Code     0  fpinit.o(x$fpl$fpinit)
    __fplib_config_pureend_doubles           0x08017435   Thumb Code     0  fpinit.o(x$fpl$fpinit)
    AHBPrescTable                            0x0801748f   Data          16  system_stm32f4xx.o(.constdata)
    APBAHBPrescTable                         0x080174a7   Data          16  stm32f4xx_hal_rcc.o(.constdata)
    __lowest_bit_bitmap                      0x08017760   Data         256  kservice.o(.constdata)
    op_table                                 0x08017ef8   Data         196  finsh_ops.o(.constdata)
    _monlen                                  0x08017ffc   Data          12  _monlen.o(.constdata)
    __fsym_device_test_name                  0x080184aa   Data          12  device_test.o(.rodata.name)
    __fsym_device_test_desc                  0x080184b6   Data          24  device_test.o(.rodata.name)
    __fsym_list_mem_name                     0x080184ce   Data           9  mem.o(.rodata.name)
    __fsym_list_mem_desc                     0x080184d7   Data          30  mem.o(.rodata.name)
    __fsym_ls_name                           0x080184f5   Data           3  dfs_file.o(.rodata.name)
    __fsym_ls_desc                           0x080184f8   Data          24  dfs_file.o(.rodata.name)
    __fsym_rm_name                           0x08018510   Data           3  dfs_file.o(.rodata.name)
    __fsym_rm_desc                           0x08018513   Data          28  dfs_file.o(.rodata.name)
    __fsym_cat_name                          0x0801852f   Data           4  dfs_file.o(.rodata.name)
    __fsym_cat_desc                          0x08018533   Data          11  dfs_file.o(.rodata.name)
    __fsym_copy_name                         0x0801853e   Data           5  dfs_file.o(.rodata.name)
    __fsym_copy_desc                         0x08018543   Data          17  dfs_file.o(.rodata.name)
    __fsym_mkfs_name                         0x08018554   Data           5  dfs_fs.o(.rodata.name)
    __fsym_mkfs_desc                         0x08018559   Data          19  dfs_fs.o(.rodata.name)
    __fsym_df_name                           0x0801856c   Data           3  dfs_fs.o(.rodata.name)
    __fsym_df_desc                           0x0801856f   Data          14  dfs_fs.o(.rodata.name)
    __fsym_mkdir_name                        0x0801857d   Data           6  dfs_posix.o(.rodata.name)
    __fsym_mkdir_desc                        0x08018583   Data          19  dfs_posix.o(.rodata.name)
    __fsym_hello_name                        0x08018596   Data           6  cmd.o(.rodata.name)
    __fsym_hello_desc                        0x0801859c   Data          16  cmd.o(.rodata.name)
    __fsym_version_name                      0x080185ac   Data           8  cmd.o(.rodata.name)
    __fsym_version_desc                      0x080185b4   Data          35  cmd.o(.rodata.name)
    __fsym_list_thread_name                  0x080185d7   Data          12  cmd.o(.rodata.name)
    __fsym_list_thread_desc                  0x080185e3   Data          12  cmd.o(.rodata.name)
    __fsym_list_sem_name                     0x080185ef   Data           9  cmd.o(.rodata.name)
    __fsym_list_sem_desc                     0x080185f8   Data          25  cmd.o(.rodata.name)
    __fsym_list_event_name                   0x08018611   Data          11  cmd.o(.rodata.name)
    __fsym_list_event_desc                   0x0801861c   Data          21  cmd.o(.rodata.name)
    __fsym_list_mutex_name                   0x08018631   Data          11  cmd.o(.rodata.name)
    __fsym_list_mutex_desc                   0x0801863c   Data          21  cmd.o(.rodata.name)
    __fsym_list_mailbox_name                 0x08018651   Data          13  cmd.o(.rodata.name)
    __fsym_list_mailbox_desc                 0x0801865e   Data          24  cmd.o(.rodata.name)
    __fsym_list_msgqueue_name                0x08018676   Data          14  cmd.o(.rodata.name)
    __fsym_list_msgqueue_desc                0x08018684   Data          29  cmd.o(.rodata.name)
    __fsym_list_mempool_name                 0x080186a1   Data          13  cmd.o(.rodata.name)
    __fsym_list_mempool_desc                 0x080186ae   Data          27  cmd.o(.rodata.name)
    __fsym_list_timer_name                   0x080186c9   Data          11  cmd.o(.rodata.name)
    __fsym_list_timer_desc                   0x080186d4   Data          21  cmd.o(.rodata.name)
    __fsym_list_device_name                  0x080186e9   Data          12  cmd.o(.rodata.name)
    __fsym_list_device_desc                  0x080186f5   Data          22  cmd.o(.rodata.name)
    __fsym_list_name                         0x0801870b   Data           5  cmd.o(.rodata.name)
    __fsym_list_desc                         0x08018710   Data          26  cmd.o(.rodata.name)
    __vsym_dummy_name                        0x0801872a   Data           6  cmd.o(.rodata.name)
    __vsym_dummy_desc                        0x08018730   Data          25  cmd.o(.rodata.name)
    __rt_init_rti_start                      0x0801874c   Data           4  components.o(.rti_fn.0)
    __rt_init_rti_board_start                0x08018750   Data           4  components.o(.rti_fn.0.end)
    __rt_init_hw_usart_init                  0x08018754   Data           4  drv_usart.o(.rti_fn.1)
    __rt_init_rti_board_end                  0x08018758   Data           4  components.o(.rti_fn.1.end)
    __rt_init_dfs_init                       0x0801875c   Data           4  dfs.o(.rti_fn.3)
    __rt_init_finsh_system_init              0x08018760   Data           4  shell.o(.rti_fn.3)
    __rt_init_elm_init                       0x08018764   Data           4  dfs_elm.o(.rti_fn.4)
    __rt_init_rti_end                        0x08018768   Data           4  components.o(.rti_fn.6.end)
    FSymTab$$Base                            0x0801876c   Number         0  device_test.o(FSymTab)
    __fsym_device_test                       0x0801876c   Data          12  device_test.o(FSymTab)
    __fsym_list_mem                          0x08018778   Data          12  mem.o(FSymTab)
    __fsym_ls                                0x08018784   Data          12  dfs_file.o(FSymTab)
    __fsym_rm                                0x08018790   Data          12  dfs_file.o(FSymTab)
    __fsym_cat                               0x0801879c   Data          12  dfs_file.o(FSymTab)
    __fsym_copy                              0x080187a8   Data          12  dfs_file.o(FSymTab)
    __fsym_mkfs                              0x080187b4   Data          12  dfs_fs.o(FSymTab)
    __fsym_df                                0x080187c0   Data          12  dfs_fs.o(FSymTab)
    __fsym_mkdir                             0x080187cc   Data          12  dfs_posix.o(FSymTab)
    __fsym_hello                             0x080187d8   Data          12  cmd.o(FSymTab)
    __fsym_version                           0x080187e4   Data          12  cmd.o(FSymTab)
    __fsym_list_thread                       0x080187f0   Data          12  cmd.o(FSymTab)
    __fsym_list_sem                          0x080187fc   Data          12  cmd.o(FSymTab)
    __fsym_list_event                        0x08018808   Data          12  cmd.o(FSymTab)
    __fsym_list_mutex                        0x08018814   Data          12  cmd.o(FSymTab)
    __fsym_list_mailbox                      0x08018820   Data          12  cmd.o(FSymTab)
    __fsym_list_msgqueue                     0x0801882c   Data          12  cmd.o(FSymTab)
    __fsym_list_mempool                      0x08018838   Data          12  cmd.o(FSymTab)
    __fsym_list_timer                        0x08018844   Data          12  cmd.o(FSymTab)
    __fsym_list_device                       0x08018850   Data          12  cmd.o(FSymTab)
    __fsym_list                              0x0801885c   Data          12  cmd.o(FSymTab)
    FSymTab$$Limit                           0x08018868   Number         0  cmd.o(FSymTab)
    Region$$Table$$Base                      0x08018868   Number         0  anon$$obj.o(Region$$Table)
    Region$$Table$$Limit                     0x08018888   Number         0  anon$$obj.o(Region$$Table)
    VSymTab$$Base                            0x08018888   Number         0  cmd.o(VSymTab)
    __vsym_dummy                             0x08018888   Data          16  cmd.o(VSymTab)
    VSymTab$$Limit                           0x08018898   Number         0  cmd.o(VSymTab)
    __ctype                                  0x080188a5   Data           0  lc_ctype_c.o(locale$$data)
    SystemCoreClock                          0x20000018   Data           4  system_stm32f4xx.o(.data)
    rt_interrupt_nest                        0x20000028   Data           1  irq.o(.data)
    rt_assert_hook                           0x20000034   Data           4  kservice.o(.data)
    rt_object_container                      0x20000058   Data         144  object.o(.data)
    rt_object_trytake_hook                   0x200000f0   Data           4  object.o(.data)
    rt_object_take_hook                      0x200000f4   Data           4  object.o(.data)
    rt_object_put_hook                       0x200000f8   Data           4  object.o(.data)
    rt_current_thread                        0x20000100   Data           4  scheduler.o(.data)
    rt_current_priority                      0x20000104   Data           1  scheduler.o(.data)
    rt_thread_ready_priority_group           0x20000108   Data           4  scheduler.o(.data)
    rt_thread_defunct                        0x2000010c   Data           8  scheduler.o(.data)
    rt_interrupt_from_thread                 0x20000128   Data           4  cpuport.o(.data)
    rt_interrupt_to_thread                   0x2000012c   Data           4  cpuport.o(.data)
    rt_thread_switch_interrupt_flag          0x20000130   Data           4  cpuport.o(.data)
    shell                                    0x2000014c   Data           4  shell.o(.data)
    _syscall_table_begin                     0x20000150   Data           4  symbol.o(.data)
    _syscall_table_end                       0x20000154   Data           4  symbol.o(.data)
    _sysvar_table_begin                      0x20000158   Data           4  symbol.o(.data)
    _sysvar_table_end                        0x2000015c   Data           4  symbol.o(.data)
    finsh_compile_sp                         0x20000164   Data           4  finsh_compiler.o(.data)
    finsh_compile_pc                         0x20000168   Data           4  finsh_compiler.o(.data)
    global_errno                             0x2000016c   Data           1  finsh_error.o(.data)
    global_sysvar_list                       0x200001b4   Data           4  finsh_var.o(.data)
    finsh_sp                                 0x200001b8   Data           4  finsh_vm.o(.data)
    finsh_pc                                 0x200001bc   Data           4  finsh_vm.o(.data)
    global_syscall_list                      0x200001c0   Data           4  finsh_vm.o(.data)
    serial1                                  0x20000208   Data          84  drv_usart.o(.bss)
    hspi3                                    0x20000364   Data          88  rt_stm32f40x_spi.o(.bss)
    rt_thread_priority_table                 0x20000934   Data         256  scheduler.o(.bss)
    filesystem_operation_table               0x20000a34   Data          16  dfs.o(.bss)
    filesystem_table                         0x20000a44   Data          32  dfs.o(.bss)
    fd_table                                 0x20000a88   Data         128  dfs.o(.bss)
    finsh_heap                               0x200014ac   Data         128  finsh_heap.o(.bss)
    global_node_table                        0x2000152c   Data         320  finsh_node.o(.bss)
    global_variable                          0x2000166c   Data         192  finsh_var.o(.bss)
    finsh_vm_stack                           0x2000172c   Data         256  finsh_vm.o(.bss)
    text_segment                             0x2000182c   Data         128  finsh_vm.o(.bss)
    __libspace_start                         0x200018ac   Data          96  libspace.o(.bss)
    __temporary_stack_top$libspace           0x2000190c   Data           0  libspace.o(.bss)
    Image$$RW_IRAM1$$ZI$$Limit               0x20002510   Number         0  anon$$obj.o ABSOLUTE



==============================================================================

Memory Map of the image

  Image Entry point : 0x08000189

  Load Region LR_IROM1 (Base: 0x08000000, Size: 0x00018b6c, Max: 0x00100000, ABSOLUTE, COMPRESSED[0x00018a3c])

    Execution Region ER_IROM1 (Base: 0x08000000, Size: 0x000189a8, Max: 0x00100000, ABSOLUTE)

    Base Addr    Size         Type   Attr      Idx    E Section Name        Object

    0x08000000   0x00000188   Data   RO          395    RESET               startup_stm32f407xx.o
    0x08000188   0x00000008   Code   RO         2627  * !!!main             c_w.l(__main.o)
    0x08000190   0x00000034   Code   RO         2808    !!!scatter          c_w.l(__scatter.o)
    0x080001c4   0x0000005a   Code   RO         2806    !!dczerorl2         c_w.l(__dczerorl2.o)
    0x0800021e   0x00000002   PAD
    0x08000220   0x0000001c   Code   RO         2810    !!handler_zi        c_w.l(__scatter_zi.o)
    0x0800023c   0x00000002   Code   RO         2679    .ARM.Collect$$libinit$$00000000  c_w.l(libinit.o)
    0x0800023e   0x00000004   Code   RO         2682    .ARM.Collect$$libinit$$00000001  c_w.l(libinit2.o)
    0x08000242   0x00000000   Code   RO         2685    .ARM.Collect$$libinit$$00000004  c_w.l(libinit2.o)
    0x08000242   0x00000000   Code   RO         2688    .ARM.Collect$$libinit$$0000000A  c_w.l(libinit2.o)
    0x08000242   0x00000000   Code   RO         2690    .ARM.Collect$$libinit$$0000000C  c_w.l(libinit2.o)
    0x08000242   0x00000000   Code   RO         2692    .ARM.Collect$$libinit$$0000000E  c_w.l(libinit2.o)
    0x08000242   0x00000006   Code   RO         2693    .ARM.Collect$$libinit$$0000000F  c_w.l(libinit2.o)
    0x08000248   0x00000000   Code   RO         2695    .ARM.Collect$$libinit$$00000011  c_w.l(libinit2.o)
    0x08000248   0x0000000c   Code   RO         2696    .ARM.Collect$$libinit$$00000012  c_w.l(libinit2.o)
    0x08000254   0x00000000   Code   RO         2697    .ARM.Collect$$libinit$$00000013  c_w.l(libinit2.o)
    0x08000254   0x00000000   Code   RO         2699    .ARM.Collect$$libinit$$00000015  c_w.l(libinit2.o)
    0x08000254   0x00000000   Code   RO         2701    .ARM.Collect$$libinit$$00000017  c_w.l(libinit2.o)
    0x08000254   0x00000000   Code   RO         2703    .ARM.Collect$$libinit$$00000019  c_w.l(libinit2.o)
    0x08000254   0x00000000   Code   RO         2705    .ARM.Collect$$libinit$$0000001B  c_w.l(libinit2.o)
    0x08000254   0x00000000   Code   RO         2707    .ARM.Collect$$libinit$$0000001D  c_w.l(libinit2.o)
    0x08000254   0x00000000   Code   RO         2709    .ARM.Collect$$libinit$$0000001F  c_w.l(libinit2.o)
    0x08000254   0x00000000   Code   RO         2711    .ARM.Collect$$libinit$$00000021  c_w.l(libinit2.o)
    0x08000254   0x00000000   Code   RO         2713    .ARM.Collect$$libinit$$00000023  c_w.l(libinit2.o)
    0x08000254   0x00000000   Code   RO         2715    .ARM.Collect$$libinit$$00000025  c_w.l(libinit2.o)
    0x08000254   0x00000000   Code   RO         2719    .ARM.Collect$$libinit$$0000002C  c_w.l(libinit2.o)
    0x08000254   0x00000000   Code   RO         2721    .ARM.Collect$$libinit$$0000002E  c_w.l(libinit2.o)
    0x08000254   0x00000000   Code   RO         2723    .ARM.Collect$$libinit$$00000030  c_w.l(libinit2.o)
    0x08000254   0x00000000   Code   RO         2725    .ARM.Collect$$libinit$$00000032  c_w.l(libinit2.o)
    0x08000254   0x00000002   Code   RO         2726    .ARM.Collect$$libinit$$00000033  c_w.l(libinit2.o)
    0x08000256   0x00000002   Code   RO         2746    .ARM.Collect$$libshutdown$$00000000  c_w.l(libshutdown.o)
    0x08000258   0x00000000   Code   RO         2759    .ARM.Collect$$libshutdown$$00000002  c_w.l(libshutdown2.o)
    0x08000258   0x00000000   Code   RO         2761    .ARM.Collect$$libshutdown$$00000004  c_w.l(libshutdown2.o)
    0x08000258   0x00000000   Code   RO         2764    .ARM.Collect$$libshutdown$$00000007  c_w.l(libshutdown2.o)
    0x08000258   0x00000000   Code   RO         2767    .ARM.Collect$$libshutdown$$0000000A  c_w.l(libshutdown2.o)
    0x08000258   0x00000000   Code   RO         2769    .ARM.Collect$$libshutdown$$0000000C  c_w.l(libshutdown2.o)
    0x08000258   0x00000000   Code   RO         2772    .ARM.Collect$$libshutdown$$0000000F  c_w.l(libshutdown2.o)
    0x08000258   0x00000002   Code   RO         2773    .ARM.Collect$$libshutdown$$00000010  c_w.l(libshutdown2.o)
    0x0800025a   0x00000000   Code   RO         2629    .ARM.Collect$$rtentry$$00000000  c_w.l(__rtentry.o)
    0x0800025a   0x00000000   Code   RO         2642    .ARM.Collect$$rtentry$$00000002  c_w.l(__rtentry2.o)
    0x0800025a   0x00000006   Code   RO         2654    .ARM.Collect$$rtentry$$00000004  c_w.l(__rtentry4.o)
    0x08000260   0x00000000   Code   RO         2644    .ARM.Collect$$rtentry$$00000009  c_w.l(__rtentry2.o)
    0x08000260   0x00000004   Code   RO         2645    .ARM.Collect$$rtentry$$0000000A  c_w.l(__rtentry2.o)
    0x08000264   0x00000000   Code   RO         2647    .ARM.Collect$$rtentry$$0000000C  c_w.l(__rtentry2.o)
    0x08000264   0x00000008   Code   RO         2648    .ARM.Collect$$rtentry$$0000000D  c_w.l(__rtentry2.o)
    0x0800026c   0x00000002   Code   RO         2680    .ARM.Collect$$rtexit$$00000000  c_w.l(rtexit.o)
    0x0800026e   0x00000000   Code   RO         2728    .ARM.Collect$$rtexit$$00000002  c_w.l(rtexit2.o)
    0x0800026e   0x00000004   Code   RO         2729    .ARM.Collect$$rtexit$$00000003  c_w.l(rtexit2.o)
    0x08000272   0x00000006   Code   RO         2730    .ARM.Collect$$rtexit$$00000004  c_w.l(rtexit2.o)
    0x08000278   0x00000004   Code   RO            1    .text               main.o
    0x0800027c   0x00000160   Code   RO           40    .text               board.o
    0x080003dc   0x00000010   Code   RO          162    .text               stm32f4xx_it.o
    0x080003ec   0x0000051c   Code   RO          186    .text               drv_usart.o
    0x08000908   0x00000178   Code   RO          234    .text               platform.o
    0x08000a80   0x000002fc   Code   RO          270    .text               rt_stm32f40x_spi.o
    0x08000d7c   0x00002768   Code   RO          305    .text               msd.o
    0x080034e4   0x00000b6c   Code   RO          334    .text               device_test.o
    0x08004050   0x00000120   Code   RO          361    .text               system_stm32f4xx.o
    0x08004170   0x00000040   Code   RO          396    .text               startup_stm32f407xx.o
    0x080041b0   0x000001a0   Code   RO          403    .text               stm32f4xx_hal.o
    0x08004350   0x0000031c   Code   RO          501    .text               stm32f4xx_hal_cortex.o
    0x0800466c   0x00000618   Code   RO          655    .text               stm32f4xx_hal_dma.o
    0x08004c84   0x000003c4   Code   RO          864    .text               stm32f4xx_hal_gpio.o
    0x08005048   0x00000008   Code   RO         1104    .text               stm32f4xx_hal_msp_template.o
    0x08005050   0x00000a3c   Code   RO         1284    .text               stm32f4xx_hal_rcc.o
    0x08005a8c   0x00001598   Code   RO         1497    .text               stm32f4xx_hal_spi.o
    0x08007024   0x00000f4e   Code   RO         1575    .text               stm32f4xx_hal_uart.o
    0x08007f72   0x00000002   PAD
    0x08007f74   0x00000064   Code   RO         1710    .text               clock.o
    0x08007fd8   0x00000158   Code   RO         1724    .text               components.o
    0x08008130   0x00000324   Code   RO         1780    .text               device.o
    0x08008454   0x00000134   Code   RO         1794    .text               idle.o
    0x08008588   0x00001654   Code   RO         1814    .text               ipc.o
    0x08009bdc   0x00000048   Code   RO         1831    .text               irq.o
    0x08009c24   0x00000a4c   Code   RO         1846    .text               kservice.o
    0x0800a670   0x00000874   Code   RO         1866    .text               mem.o
    0x0800aee4   0x000002dc   Code   RO         1904    .text               object.o
    0x0800b1c0   0x000002e0   Code   RO         1923    .text               scheduler.o
    0x0800b4a0   0x0000059c   Code   RO         1944    .text               thread.o
    0x0800ba3c   0x0000045c   Code   RO         1961    .text               timer.o
    0x0800be98   0x00000190   Code   RO         1980    .text               cpuport.o
    0x0800c028   0x0000010c   Code   RO         1996    .text               context_rvds.o
    0x0800c134   0x000003a8   Code   RO         2034    .text               dfs.o
    0x0800c4dc   0x000009b4   Code   RO         2071    .text               dfs_file.o
    0x0800ce90   0x000005f0   Code   RO         2091    .text               dfs_fs.o
    0x0800d480   0x000005e8   Code   RO         2111    .text               dfs_posix.o
    0x0800da68   0x00000a04   Code   RO         2130    .text               dfs_elm.o
    0x0800e46c   0x00002314   Code   RO         2163    .text               ff.o
    0x08010780   0x00000884   Code   RO         2178    .text               serial.o
    0x08011004   0x00000608   Code   RO         2191    .text               spi_core.o
    0x0801160c   0x0000020c   Code   RO         2204    .text               spi_dev.o
    0x08011818   0x000001c8   Code   RO         2238    .text               completion.o
    0x080119e0   0x00000414   Code   RO         2254    .text               dataqueue.o
    0x08011df4   0x000009e4   Code   RO         2340    .text               shell.o
    0x080127d8   0x00000bc4   Code   RO         2375    .text               cmd.o
    0x0801339c   0x00001818   Code   RO         2399    .text               finsh_compiler.o
    0x08014bb4   0x0000002c   Code   RO         2436    .text               finsh_error.o
    0x08014be0   0x00000210   Code   RO         2452    .text               finsh_heap.o
    0x08014df0   0x00000058   Code   RO         2468    .text               finsh_init.o
    0x08014e48   0x00000184   Code   RO         2486    .text               finsh_node.o
    0x08014fcc   0x00000adc   Code   RO         2501    .text               finsh_ops.o
    0x08015aa8   0x0000097c   Code   RO         2519    .text               finsh_parser.o
    0x08016424   0x0000019c   Code   RO         2534    .text               finsh_var.o
    0x080165c0   0x000000e4   Code   RO         2557    .text               finsh_vm.o
    0x080166a4   0x00000680   Code   RO         2584    .text               finsh_token.o
    0x08016d24   0x0000001a   Code   RO         2601    .text               c_w.l(atoi.o)
    0x08016d3e   0x00000016   Code   RO         2603    .text               c_w.l(strrchr.o)
    0x08016d54   0x0000003e   Code   RO         2605    .text               c_w.l(strlen.o)
    0x08016d92   0x00000096   Code   RO         2607    .text               c_w.l(strncmp.o)
    0x08016e28   0x0000008a   Code   RO         2609    .text               c_w.l(rt_memcpy_v6.o)
    0x08016eb2   0x00000064   Code   RO         2611    .text               c_w.l(rt_memcpy_w.o)
    0x08016f16   0x00000010   Code   RO         2613    .text               c_w.l(aeabi_memset.o)
    0x08016f26   0x00000044   Code   RO         2615    .text               c_w.l(rt_memclr.o)
    0x08016f6a   0x0000004e   Code   RO         2617    .text               c_w.l(rt_memclr_w.o)
    0x08016fb8   0x00000056   Code   RO         2619    .text               c_w.l(strncpy.o)
    0x0801700e   0x00000002   PAD
    0x08017010   0x00000080   Code   RO         2621    .text               c_w.l(strcmpv7m.o)
    0x08017090   0x000001a8   Code   RO         2623    .text               c_w.l(mktime.o)
    0x08017238   0x00000006   Code   RO         2625    .text               c_w.l(heapauxi.o)
    0x0801723e   0x00000002   PAD
    0x08017240   0x00000008   Code   RO         2633    .text               c_w.l(rt_errno_addr_intlibspace.o)
    0x08017248   0x00000070   Code   RO         2635    .text               c_w.l(strtol.o)
    0x080172b8   0x00000008   Code   RO         2638    .text               c_w.l(libspace.o)
    0x080172c0   0x00000010   Code   RO         2656    .text               c_w.l(rt_ctype_table.o)
    0x080172d0   0x0000009e   Code   RO         2658    .text               c_w.l(_strtoul.o)
    0x0801736e   0x0000004a   Code   RO         2660    .text               c_w.l(sys_stackheap_outer.o)
    0x080173b8   0x00000008   Code   RO         2665    .text               c_w.l(rt_locale_intlibspace.o)
    0x080173c0   0x0000001c   Code   RO         2667    .text               c_w.l(_chval.o)
    0x080173dc   0x00000012   Code   RO         2672    .text               c_w.l(exit.o)
    0x080173ee   0x00000002   PAD
    0x080173f0   0x0000000c   Code   RO         2738    .text               c_w.l(sys_exit.o)
    0x080173fc   0x00000002   Code   RO         2749    .text               c_w.l(use_no_semi.o)
    0x080173fe   0x00000000   Code   RO         2751    .text               c_w.l(indicate_semi.o)
    0x080173fe   0x00000002   PAD
    0x08017400   0x0000002c   Code   RO         2670    locale$$code        c_w.l(lc_ctype_c.o)
    0x0801742c   0x0000000a   Code   RO         2736    x$fpl$fpinit        fz_wm.l(fpinit.o)
    0x08017436   0x00000002   PAD
    0x08017438   0x00000048   Data   RO          188    .constdata          drv_usart.o
    0x08017480   0x0000000f   Data   RO          307    .constdata          msd.o
    0x0801748f   0x00000010   Data   RO          362    .constdata          system_stm32f4xx.o
    0x0801749f   0x00000008   Data   RO          656    .constdata          stm32f4xx_hal_dma.o
    0x080174a7   0x00000010   Data   RO         1285    .constdata          stm32f4xx_hal_rcc.o
    0x080174b7   0x00000014   Data   RO         1725    .constdata          components.o
    0x080174cb   0x000000a8   Data   RO         1781    .constdata          device.o
    0x08017573   0x00000016   Data   RO         1796    .constdata          idle.o
    0x08017589   0x000001d7   Data   RO         1815    .constdata          ipc.o
    0x08017760   0x00000122   Data   RO         1848    .constdata          kservice.o
    0x08017882   0x00000046   Data   RO         1868    .constdata          mem.o
    0x080178c8   0x0000005e   Data   RO         1905    .constdata          object.o
    0x08017926   0x0000004e   Data   RO         1925    .constdata          scheduler.o
    0x08017974   0x000000aa   Data   RO         1945    .constdata          thread.o
    0x08017a1e   0x0000005c   Data   RO         1962    .constdata          timer.o
    0x08017a7a   0x00000013   Data   RO         1981    .constdata          cpuport.o
    0x08017a8d   0x00000023   Data   RO         2036    .constdata          dfs.o
    0x08017ab0   0x00000033   Data   RO         2092    .constdata          dfs_fs.o
    0x08017ae3   0x00000001   PAD
    0x08017ae4   0x000000b9   Data   RO         2131    .constdata          dfs_elm.o
    0x08017b9d   0x00000001   PAD
    0x08017b9e   0x0000002c   Data   RO         2164    .constdata          ff.o
    0x08017bca   0x000000d3   Data   RO         2179    .constdata          serial.o
    0x08017c9d   0x000000a3   Data   RO         2192    .constdata          spi_core.o
    0x08017d40   0x00000081   Data   RO         2205    .constdata          spi_dev.o
    0x08017dc1   0x00000039   Data   RO         2239    .constdata          completion.o
    0x08017dfa   0x0000004b   Data   RO         2255    .constdata          dataqueue.o
    0x08017e45   0x00000060   Data   RO         2342    .constdata          shell.o
    0x08017ea5   0x00000003   PAD
    0x08017ea8   0x00000050   Data   RO         2376    .constdata          cmd.o
    0x08017ef8   0x000000c4   Data   RO         2502    .constdata          finsh_ops.o
    0x08017fbc   0x00000040   Data   RO         2585    .constdata          finsh_token.o
    0x08017ffc   0x0000000c   Data   RO         2637    .constdata          c_w.l(_monlen.o)
    0x08018008   0x00000088   Data   RO          308    .conststring        msd.o
    0x08018090   0x000000ed   Data   RO         1869    .conststring        mem.o
    0x0801817d   0x00000003   PAD
    0x08018180   0x00000048   Data   RO         2132    .conststring        dfs_elm.o
    0x080181c8   0x000001ad   Data   RO         2377    .conststring        cmd.o
    0x08018375   0x00000003   PAD
    0x08018378   0x000000f3   Data   RO         2437    .conststring        finsh_error.o
    0x0801846b   0x00000001   PAD
    0x0801846c   0x0000003e   Data   RO         2586    .conststring        finsh_token.o
    0x080184aa   0x00000024   Data   RO          335    .rodata.name        device_test.o
    0x080184ce   0x00000027   Data   RO         1871    .rodata.name        mem.o
    0x080184f5   0x0000005f   Data   RO         2073    .rodata.name        dfs_file.o
    0x08018554   0x00000029   Data   RO         2093    .rodata.name        dfs_fs.o
    0x0801857d   0x00000019   Data   RO         2112    .rodata.name        dfs_posix.o
    0x08018596   0x000001b3   Data   RO         2379    .rodata.name        cmd.o
    0x08018749   0x00000003   PAD
    0x0801874c   0x00000004   Data   RO         1726    .rti_fn.0           components.o
    0x08018750   0x00000004   Data   RO         1727    .rti_fn.0.end       components.o
    0x08018754   0x00000004   Data   RO          189    .rti_fn.1           drv_usart.o
    0x08018758   0x00000004   Data   RO         1728    .rti_fn.1.end       components.o
    0x0801875c   0x00000004   Data   RO         2037    .rti_fn.3           dfs.o
    0x08018760   0x00000004   Data   RO         2344    .rti_fn.3           shell.o
    0x08018764   0x00000004   Data   RO         2134    .rti_fn.4           dfs_elm.o
    0x08018768   0x00000004   Data   RO         1729    .rti_fn.6.end       components.o
    0x0801876c   0x0000000c   Data   RO          336    FSymTab             device_test.o
    0x08018778   0x0000000c   Data   RO         1872    FSymTab             mem.o
    0x08018784   0x00000030   Data   RO         2074    FSymTab             dfs_file.o
    0x080187b4   0x00000018   Data   RO         2094    FSymTab             dfs_fs.o
    0x080187cc   0x0000000c   Data   RO         2113    FSymTab             dfs_posix.o
    0x080187d8   0x00000090   Data   RO         2380    FSymTab             cmd.o
    0x08018868   0x00000020   Data   RO         2804    Region$$Table       anon$$obj.o
    0x08018888   0x00000010   Data   RO         2381    VSymTab             cmd.o
    0x08018898   0x00000110   Data   RO         2669    locale$$data        c_w.l(lc_ctype_c.o)


    Execution Region RW_IRAM1 (Base: 0x20000000, Size: 0x00002510, Max: 0x00020000, ABSOLUTE, COMPRESSED[0x00000094])

    Base Addr    Size         Type   Attr      Idx    E Section Name        Object

    0x20000000   0x00000010   Data   RW          236    .data               platform.o
    0x20000010   0x00000008   Data   RW          272    .data               rt_stm32f40x_spi.o
    0x20000018   0x00000004   Data   RW          363    .data               system_stm32f4xx.o
    0x2000001c   0x00000004   Data   RW          404    .data               stm32f4xx_hal.o
    0x20000020   0x00000004   Data   RW         1711    .data               clock.o
    0x20000024   0x00000004   Data   RW         1797    .data               idle.o
    0x20000028   0x00000001   Data   RW         1832    .data               irq.o
    0x20000029   0x00000003   PAD
    0x2000002c   0x0000000c   Data   RW         1849    .data               kservice.o
    0x20000038   0x00000020   Data   RW         1870    .data               mem.o
    0x20000058   0x000000a4   Data   RW         1906    .data               object.o
    0x200000fc   0x0000001c   Data   RW         1926    .data               scheduler.o
    0x20000118   0x00000010   Data   RW         1963    .data               timer.o
    0x20000128   0x00000010   Data   RW         1982    .data               cpuport.o
    0x20000138   0x00000008   Data   RW         2133    .data               dfs_elm.o
    0x20000140   0x0000000a   Data   RW         2165    .data               ff.o
    0x2000014a   0x00000002   PAD
    0x2000014c   0x00000004   Data   RW         2343    .data               shell.o
    0x20000150   0x00000010   Data   RW         2362    .data               symbol.o
    0x20000160   0x00000004   Data   RW         2378    .data               cmd.o
    0x20000164   0x00000008   Data   RW         2400    .data               finsh_compiler.o
    0x2000016c   0x00000040   Data   RW         2438    .data               finsh_error.o
    0x200001ac   0x00000008   Data   RW         2454    .data               finsh_heap.o
    0x200001b4   0x00000004   Data   RW         2536    .data               finsh_var.o
    0x200001b8   0x0000000c   Data   RW         2559    .data               finsh_vm.o
    0x200001c4   0x00000098   Zero   RW          187    .bss                drv_usart.o
    0x2000025c   0x00000108   Zero   RW          235    .bss                platform.o
    0x20000364   0x00000058   Zero   RW          271    .bss                rt_stm32f40x_spi.o
    0x200003bc   0x00000058   Zero   RW          306    .bss                msd.o
    0x20000414   0x00000480   Zero   RW         1795    .bss                idle.o
    0x20000894   0x00000080   Zero   RW         1847    .bss                kservice.o
    0x20000914   0x00000020   Zero   RW         1867    .bss                mem.o
    0x20000934   0x00000100   Zero   RW         1924    .bss                scheduler.o
    0x20000a34   0x000000d4   Zero   RW         2035    .bss                dfs.o
    0x20000b08   0x00000124   Zero   RW         2072    .bss                dfs_file.o
    0x20000c2c   0x00000880   Zero   RW         2341    .bss                shell.o
    0x200014ac   0x00000080   Zero   RW         2453    .bss                finsh_heap.o
    0x2000152c   0x00000140   Zero   RW         2487    .bss                finsh_node.o
    0x2000166c   0x000000c0   Zero   RW         2535    .bss                finsh_var.o
    0x2000172c   0x00000180   Zero   RW         2558    .bss                finsh_vm.o
    0x200018ac   0x00000060   Zero   RW         2639    .bss                c_w.l(libspace.o)
    0x2000190c   0x00000004   PAD
    0x20001910   0x00000800   Zero   RW          394    HEAP                startup_stm32f407xx.o
    0x20002110   0x00000400   Zero   RW          393    STACK               startup_stm32f407xx.o


==============================================================================

Image component sizes


      Code (inc. data)   RO Data    RW Data    ZI Data      Debug   Object Name

       352         24          0          0          0     351516   board.o
       100          6          0          4          0       1608   clock.o
      3012       1244       1104          4          0      10527   cmd.o
       456        124         57          0          0       2895   completion.o
       344        116         36          0          0       7362   components.o
       268         24          0          0          0        812   context_rvds.o
       400        188         19         16          0       3751   cpuport.o
      1044        114         75          0          0       6333   dataqueue.o
       804        132        168          0          0       4941   device.o
      2924       1076         48          0          0       8398   device_test.o
       936        130         39          0        212       9011   dfs.o
      2564        220        261          8          0      16582   dfs_elm.o
      2484        356        143          0        292       9135   dfs_file.o
      1520        264        116          0          0       5864   dfs_fs.o
      1512         50         37          0          0       9875   dfs_posix.o
      1308        138         76          0        152      38211   drv_usart.o
      8980        138         44         10          0      25017   ff.o
      6168        154          0          8          0      10934   finsh_compiler.o
        44         10        243         64          0       1721   finsh_error.o
       528         18          0          8        128       3447   finsh_heap.o
        88          6          0          0          0       1676   finsh_init.o
       388          4          0          0        320       3472   finsh_node.o
      2780         36        196          0          0       8872   finsh_ops.o
      2428         32          0          0          0       9793   finsh_parser.o
      1664         16        126          0          0       6272   finsh_token.o
       412         18          0          4        192       7445   finsh_var.o
       228         34          0         12        384       7062   finsh_vm.o
       308         74         22          4       1152       2903   idle.o
      5716        422        471          0          0      20147   ipc.o
        72          6          0          1          0       1406   irq.o
      2636        230        290         12        128      11988   kservice.o
         4          0          0          0          0      11047   main.o
      2164        560        358         32         32       5543   mem.o
     10088       2666        151          0         88      13455   msd.o
       732        150         94        164          0       5792   object.o
       376         52          0         16        264       4399   platform.o
       764         34          0          8         88       4741   rt_stm32f40x_spi.o
       736        150         78         28        256       4753   scheduler.o
      2180        314        211          0          0       7889   serial.o
      2532        276        100          4       2176       6119   shell.o
      1544        114        163          0          0       5806   spi_core.o
       524        148        129          0          0       3479   spi_dev.o
        64         26        392          0       3072        852   startup_stm32f407xx.o
       416         26          0          4          0       4814   stm32f4xx_hal.o
       796         20          0          0          0      32199   stm32f4xx_hal_cortex.o
      1560         16          8          0          0       5112   stm32f4xx_hal_dma.o
       964         50          0          0          0       3747   stm32f4xx_hal_gpio.o
         8          0          0          0          0        818   stm32f4xx_hal_msp_template.o
      2620         64         16          0          0       5666   stm32f4xx_hal_rcc.o
      5528         54          0          0          0      13748   stm32f4xx_hal_spi.o
      3918         28          0          0          0      12779   stm32f4xx_hal_uart.o
        16          0          0          0          0        856   stm32f4xx_it.o
         0          0          0         16          0       4321   symbol.o
       288         32         16          4          0       1747   system_stm32f4xx.o
      1436        208        170          0          0       7593   thread.o
      1116        100         92         16          0       6911   timer.o

    ----------------------------------------------------------------------
     92844      10492       5596        452       8936     783162   Object Totals
         0          0         32          0          0          0   (incl. Generated)
         2          0         15          5          0          0   (incl. Padding)

    ----------------------------------------------------------------------

      Code (inc. data)   RO Data    RW Data    ZI Data      Debug   Library Member Name

        90          0          0          0          0          0   __dczerorl2.o
         8          0          0          0          0         68   __main.o
         0          0          0          0          0          0   __rtentry.o
        12          0          0          0          0          0   __rtentry2.o
         6          0          0          0          0          0   __rtentry4.o
        52          8          0          0          0          0   __scatter.o
        28          0          0          0          0          0   __scatter_zi.o
        28          0          0          0          0         68   _chval.o
         0          0         12          0          0          0   _monlen.o
       158          0          0          0          0         92   _strtoul.o
        16          0          0          0          0         68   aeabi_memset.o
        26          0          0          0          0         80   atoi.o
        18          0          0          0          0         80   exit.o
         6          0          0          0          0        152   heapauxi.o
         0          0          0          0          0          0   indicate_semi.o
        44         10        272          0          0         76   lc_ctype_c.o
         2          0          0          0          0          0   libinit.o
        24          0          0          0          0          0   libinit2.o
         2          0          0          0          0          0   libshutdown.o
         2          0          0          0          0          0   libshutdown2.o
         8          4          0          0         96         68   libspace.o
       424         10          0          0          0        124   mktime.o
        16          4          0          0          0         76   rt_ctype_table.o
         8          4          0          0          0         68   rt_errno_addr_intlibspace.o
         8          4          0          0          0         68   rt_locale_intlibspace.o
        68          0          0          0          0         68   rt_memclr.o
        78          0          0          0          0         80   rt_memclr_w.o
       138          0          0          0          0         68   rt_memcpy_v6.o
       100          0          0          0          0         80   rt_memcpy_w.o
         2          0          0          0          0          0   rtexit.o
        10          0          0          0          0          0   rtexit2.o
       128          0          0          0          0         68   strcmpv7m.o
        62          0          0          0          0         76   strlen.o
       150          0          0          0          0         80   strncmp.o
        86          0          0          0          0         76   strncpy.o
        22          0          0          0          0         68   strrchr.o
       112          0          0          0          0         88   strtol.o
        12          4          0          0          0         68   sys_exit.o
        74          0          0          0          0         80   sys_stackheap_outer.o
         2          0          0          0          0         68   use_no_semi.o
        10          0          0          0          0        116   fpinit.o

    ----------------------------------------------------------------------
      2052         48        284          0        100       2172   Library Totals
        12          0          0          0          4          0   (incl. Padding)

    ----------------------------------------------------------------------

      Code (inc. data)   RO Data    RW Data    ZI Data      Debug   Library Name

      2030         48        284          0         96       2056   c_w.l
        10          0          0          0          0        116   fz_wm.l

    ----------------------------------------------------------------------
      2052         48        284          0        100       2172   Library Totals

    ----------------------------------------------------------------------

==============================================================================


      Code (inc. data)   RO Data    RW Data    ZI Data      Debug   

     94896      10540       5880        452       9036     774090   Grand Totals
     94896      10540       5880        148       9036     774090   ELF Image Totals (compressed)
     94896      10540       5880        148          0          0   ROM Totals

==============================================================================

    Total RO  Size (Code + RO Data)               100776 (  98.41kB)
    Total RW  Size (RW Data + ZI Data)              9488 (   9.27kB)
    Total ROM Size (Code + RO Data + RW Data)     100924 (  98.56kB)

==============================================================================

